<html>
<body>
<pre>
<h1>µVision Build Log</h1>
<h2>Tool Versions:</h2>
IDE-Version: ¦ÌVision V5.32.0.0
Copyright (C) 2020 ARM Ltd and ARM Germany GmbH. All rights reserved.
License Information: starrysky starrysky, starrysky, LIC=ZB4EI-TL3VG-KPVZY-I4TUW-ELB21-C6CP3
 
Tool Versions:
Toolchain:       MDK-ARM Plus  Version: 5.32.0.0
Toolchain Path:  J:\software\Keil_v5_32\ARM\ARMCC\Bin
C Compiler:      Armcc.exe V5.06 update 7 (build 960)
Assembler:       Armasm.exe V5.06 update 7 (build 960)
Linker/Locator:  ArmLink.exe V5.06 update 7 (build 960)
Library Manager: ArmAr.exe V5.06 update 7 (build 960)
Hex Converter:   FromElf.exe V5.06 update 7 (build 960)
CPU DLL:         SARMCM3.DLL V5.32.0.0
Dialog DLL:      DCM.DLL V1.17.3.0
Target DLL:      CMSIS_AGDI.dll V1.32.12.0
Dialog DLL:      TCM.DLL V1.46.0.0
 
<h2>Project:</h2>
J:\my_project\04_my_github\ota-update\stm32\boot\MDK-ARM\stm32f407vet6.uvprojx
Project File Date:  02/16/2026

<h2>Output:</h2>
*** Using Compiler 'V5.06 update 7 (build 960)', folder: 'J:\software\Keil_v5_32\ARM\ARMCC\Bin'
Build target 'stm32f407vet6'
compiling bootloader.c...
..\Code\log.h(21): warning:  #1-D: last line of file ends without a newline
  #endif
..\Code\bootloader.c(81): warning:  #223-D: function "log_msg_level" declared implicitly
  	LOG_DEBUG(TAG, "new partition is 0x%08x", shared_info.active_app_addr);
..\Code\bootloader.c(93): warning:  #223-D: function "log_msg_level" declared implicitly
  	LOG_DEBUG(TAG, "active addr is 0x%08x", shared_info.active_app_addr);
..\Code\bootloader.c: 3 warnings, 0 errors
linking...
Program Size: Code=14116 RO-data=588 RW-data=60 ZI-data=4868  
FromELF: creating hex file...
"stm32f407vet6\stm32f407vet6.axf" - 0 Error(s), 3 Warning(s).

<h2>Software Packages used:</h2>

Package Vendor: ARM
                http://www.keil.com/pack/ARM.CMSIS.5.7.0.pack
                ARM.CMSIS.5.7.0
                CMSIS (Cortex Microcontroller Software Interface Standard)
   * Component: CORE Version: 5.4.0

Package Vendor: Keil
                https://www.keil.com/pack/Keil.STM32F4xx_DFP.2.17.1.pack
                Keil.STM32F4xx_DFP.2.17.1
                STMicroelectronics STM32F4 Series Device Support, Drivers and Examples

<h2>Collection of Component include folders:</h2>
  .\RTE\_stm32f407vet6
  J:\software\Keil_v5_32\Arm\Packs\ARM\CMSIS\5.7.0\CMSIS\Core\Include
  J:\software\Keil_v5_32\Arm\Packs\Keil\STM32F4xx_DFP\2.17.1\Drivers\CMSIS\Device\ST\STM32F4xx\Include

<h2>Collection of Component Files used:</h2>

   * Component: ARM::CMSIS:CORE:5.4.0
      Include file:  CMSIS\Core\Include\tz_context.h
Build Time Elapsed:  00:00:01
</pre>
</body>
</html>
