<html>
<body>
<pre>
<h1>µVision Build Log</h1>
<h2>Tool Versions:</h2>
IDE-Version: ¦ÌVision V5.32.0.0
Copyright (C) 2020 ARM Ltd and ARM Germany GmbH. All rights reserved.
License Information: starrysky starrysky, starrysky, LIC=ZB4EI-TL3VG-KPVZY-I4TUW-ELB21-C6CP3
 
Tool Versions:
Toolchain:       MDK-ARM Plus  Version: 5.32.0.0
Toolchain Path:  J:\software\Keil_v5_32\ARM\ARMCC\Bin
C Compiler:      Armcc.exe V5.06 update 7 (build 960)
Assembler:       Armasm.exe V5.06 update 7 (build 960)
Linker/Locator:  ArmLink.exe V5.06 update 7 (build 960)
Library Manager: ArmAr.exe V5.06 update 7 (build 960)
Hex Converter:   FromElf.exe V5.06 update 7 (build 960)
CPU DLL:         SARMCM3.DLL V5.32.0.0
Dialog DLL:      DCM.DLL V1.17.3.0
Target DLL:      CMSIS_AGDI.dll V1.32.12.0
Dialog DLL:      TCM.DLL V1.46.0.0
 
<h2>Project:</h2>
J:\my_project\04_my_github\ota-update\stm32\boot\MDK-ARM\stm32f407vet6.uvprojx
Project File Date:  02/19/2026

<h2>Output:</h2>
*** Using Compiler 'V5.06 update 7 (build 960)', folder: 'J:\software\Keil_v5_32\ARM\ARMCC\Bin'
Rebuild target 'stm32f407vet6'
assembling startup_stm32f407xx.s...
compiling gpio.c...
compiling uart_interact.c...
..\Code\uart_interact.c(67): warning:  #1-D: last line of file ends without a newline
  }
..\Code\uart_interact.c: 1 warning, 0 errors
compiling ota_protocol.c...
..\Code\log.h(21): warning:  #1-D: last line of file ends without a newline
  #endif
..\Code\ota_protocol.c(86): warning:  #223-D: function "log_msg_level" declared implicitly
          LOG_ERROR(TAG, "CRC Verification error! calculated is %d, recevied is %d", frame_info.crc, (uint16_t)(ota_protocol_buffer[crc_index] | (ota_protocol_buffer[crc_index+1]<<8)));
..\Code\ota_protocol.c(92): warning:  #223-D: function "log_msg_level" declared implicitly
  		LOG_INFO(TAG, "CMD_START");
..\Code\ota_protocol.c(101): warning:  #223-D: function "log_msg_level" declared implicitly
          LOG_INFO(TAG, "CMD_COMPLETE");
..\Code\ota_protocol.c(112): warning:  #223-D: function "log_msg_level" declared implicitly
  		LOG_DEBUG(TAG, "Copy to 0x%08x", download_addr);
..\Code\ota_protocol.c(121): warning:  #223-D: function "log_msg_level" declared implicitly
  		LOG_DEBUG(TAG, "Write to 0x%08x", download_addr);
..\Code\ota_protocol.c: 6 warnings, 0 errors
compiling dma.c...
compiling iwdg.c...
compiling log.c...
..\Code\log.h(21): warning:  #1-D: last line of file ends without a newline
  #endif
..\Code\log.c(20): warning:  #1-D: last line of file ends without a newline
  }
..\Code\log.c: 2 warnings, 0 errors
compiling usart.c...
compiling stm32f4xx_it.c...
compiling flash.c...
compiling stm32f4xx_hal_msp.c...
compiling spi.c...
compiling main.c...
../Code/log.h(21): warning:  #1-D: last line of file ends without a newline
  #endif
../Core/Src/main.c(104): warning:  #223-D: function "log_msg_level" declared implicitly
    LOG_INFO(TAG, "This is BootLoader code");
../Core/Src/main.c: 2 warnings, 0 errors
compiling bootloader.c...
..\Code\log.h(21): warning:  #1-D: last line of file ends without a newline
  #endif
..\Code\bootloader.c(81): warning:  #223-D: function "log_msg_level" declared implicitly
  		LOG_DEBUG(TAG, "read from 0x%08x, write to 0x%08x", source_addr+128*i, target_addr+128*i);
..\Code\bootloader.c(98): warning:  #223-D: function "log_msg_level" declared implicitly
  		LOG_DEBUG(TAG, "read from 0x%08x, write to 0x%08x", source_addr+128*for_temp, target_addr+128*for_temp);
..\Code\bootloader.c(109): warning:  #223-D: function "log_msg_level" declared implicitly
  		LOG_DEBUG(TAG, "store to TEMP_ADDR");
..\Code\bootloader.c(118): warning:  #223-D: function "log_msg_level" declared implicitly
  		LOG_DEBUG(TAG, "update the APP_ADDR");
..\Code\bootloader.c(128): warning:  #223-D: function "log_msg_level" declared implicitly
  		LOG_DEBUG(TAG, "execute backup");
..\Code\bootloader.c(182): warning:  #223-D: function "log_msg_level" declared implicitly
  		LOG_ERROR(TAG, "Return to old version!");
..\Code\bootloader.c: 7 warnings, 0 errors
compiling stm32f4xx_hal_flash_ramfunc.c...
compiling stm32f4xx_hal_dma_ex.c...
compiling stm32f4xx_hal_iwdg.c...
compiling stm32f4xx_hal_gpio.c...
compiling stm32f4xx_hal_flash.c...
compiling w25qxx.c...
..\Code\w25qxx.c(24): warning:  #188-D: enumerated type mixed with another type
  	W25Q_CS_SET(0);
..\Code\w25qxx.c(27): warning:  #188-D: enumerated type mixed with another type
  	W25Q_CS_SET(1);
..\Code\w25qxx.c(32): warning:  #188-D: enumerated type mixed with another type
  	W25Q_CS_SET(0);
..\Code\w25qxx.c(39): warning:  #188-D: enumerated type mixed with another type
  	W25Q_CS_SET(1);
..\Code\w25qxx.c(43): warning:  #188-D: enumerated type mixed with another type
  	W25Q_CS_SET(0);
..\Code\w25qxx.c(50): warning:  #188-D: enumerated type mixed with another type
  	W25Q_CS_SET(1);
..\Code\w25qxx.c(65): warning:  #188-D: enumerated type mixed with another type
  	W25Q_CS_SET(0);
..\Code\w25qxx.c(80): warning:  #188-D: enumerated type mixed with another type
  			W25Q_CS_SET(1);
..\Code\w25qxx.c(87): warning:  #188-D: enumerated type mixed with another type
  	W25Q_CS_SET(1);
..\Code\w25qxx.c(96): warning:  #188-D: enumerated type mixed with another type
  	W25Q_CS_SET(0);
..\Code\w25qxx.c(111): warning:  #188-D: enumerated type mixed with another type
  			W25Q_CS_SET(1);
..\Code\w25qxx.c(118): warning:  #188-D: enumerated type mixed with another type
  	W25Q_CS_SET(1);
..\Code\w25qxx.c(128): warning:  #188-D: enumerated type mixed with another type
  	W25Q_CS_SET(0);
..\Code\w25qxx.c(130): warning:  #188-D: enumerated type mixed with another type
  	W25Q_CS_SET(1);
..\Code\w25qxx.c(139): warning:  #188-D: enumerated type mixed with another type
  	W25Q_CS_SET(0);
..\Code\w25qxx.c(149): warning:  #188-D: enumerated type mixed with another type
  	W25Q_CS_SET(1);
..\Code\w25qxx.c(158): warning:  #188-D: enumerated type mixed with another type
  	W25Q_CS_SET(0);	
..\Code\w25qxx.c(169): warning:  #188-D: enumerated type mixed with another type
  	W25Q_CS_SET(1);	
..\Code\w25qxx.c(207): warning:  #188-D: enumerated type mixed with another type
  	W25Q_CS_SET(0);
..\Code\w25qxx.c(214): warning:  #188-D: enumerated type mixed with another type
  	W25Q_CS_SET(1);
..\Code\w25qxx.c(225): warning:  #177-D: variable "temp"  was declared but never referenced
  	uint8_t temp[2] = {0};
..\Code\w25qxx.c: 21 warnings, 0 errors
compiling stm32f4xx_hal_pwr_ex.c...
compiling stm32f4xx_hal_rcc.c...
compiling stm32f4xx_hal_pwr.c...
compiling stm32f4xx_hal_flash_ex.c...
compiling stm32f4xx_hal_rcc_ex.c...
compiling stm32f4xx_hal_dma.c...
compiling stm32f4xx_hal_exti.c...
compiling stm32f4xx_hal_cortex.c...
compiling stm32f4xx_hal_tim.c...
compiling stm32f4xx_hal_tim_ex.c...
compiling system_stm32f4xx.c...
compiling stm32f4xx_hal.c...
compiling stm32f4xx_hal_spi.c...
compiling stm32f4xx_hal_uart.c...
linking...
Program Size: Code=16492 RO-data=588 RW-data=64 ZI-data=4952  
FromELF: creating hex file...
"stm32f407vet6\stm32f407vet6.axf" - 0 Error(s), 39 Warning(s).

<h2>Software Packages used:</h2>

Package Vendor: ARM
                http://www.keil.com/pack/ARM.CMSIS.5.7.0.pack
                ARM.CMSIS.5.7.0
                CMSIS (Cortex Microcontroller Software Interface Standard)
   * Component: CORE Version: 5.4.0

Package Vendor: Keil
                https://www.keil.com/pack/Keil.STM32F4xx_DFP.2.17.1.pack
                Keil.STM32F4xx_DFP.2.17.1
                STMicroelectronics STM32F4 Series Device Support, Drivers and Examples

<h2>Collection of Component include folders:</h2>
  .\RTE\_stm32f407vet6
  J:\software\Keil_v5_32\Arm\Packs\ARM\CMSIS\5.7.0\CMSIS\Core\Include
  J:\software\Keil_v5_32\Arm\Packs\Keil\STM32F4xx_DFP\2.17.1\Drivers\CMSIS\Device\ST\STM32F4xx\Include

<h2>Collection of Component Files used:</h2>

   * Component: ARM::CMSIS:CORE:5.4.0
      Include file:  CMSIS\Core\Include\tz_context.h
Build Time Elapsed:  00:00:16
</pre>
</body>
</html>
