Component: ARM Compiler 5.06 update 7 (build 960) Tool: armlink [4d3601]

==============================================================================

Section Cross References

    startup_stm32f407xx.o(RESET) refers to startup_stm32f407xx.o(STACK) for __initial_sp
    startup_stm32f407xx.o(RESET) refers to startup_stm32f407xx.o(.text) for Reset_Handler
    startup_stm32f407xx.o(RESET) refers to stm32f4xx_it.o(i.NMI_Handler) for NMI_Handler
    startup_stm32f407xx.o(RESET) refers to stm32f4xx_it.o(i.HardFault_Handler) for HardFault_Handler
    startup_stm32f407xx.o(RESET) refers to stm32f4xx_it.o(i.MemManage_Handler) for MemManage_Handler
    startup_stm32f407xx.o(RESET) refers to stm32f4xx_it.o(i.BusFault_Handler) for BusFault_Handler
    startup_stm32f407xx.o(RESET) refers to stm32f4xx_it.o(i.UsageFault_Handler) for UsageFault_Handler
    startup_stm32f407xx.o(RESET) refers to stm32f4xx_it.o(i.SVC_Handler) for SVC_Handler
    startup_stm32f407xx.o(RESET) refers to stm32f4xx_it.o(i.DebugMon_Handler) for DebugMon_Handler
    startup_stm32f407xx.o(RESET) refers to stm32f4xx_it.o(i.PendSV_Handler) for PendSV_Handler
    startup_stm32f407xx.o(RESET) refers to stm32f4xx_it.o(i.SysTick_Handler) for SysTick_Handler
    startup_stm32f407xx.o(RESET) refers to stm32f4xx_it.o(i.USART1_IRQHandler) for USART1_IRQHandler
    startup_stm32f407xx.o(RESET) refers to stm32f4xx_it.o(i.DMA2_Stream1_IRQHandler) for DMA2_Stream1_IRQHandler
    startup_stm32f407xx.o(RESET) refers to stm32f4xx_it.o(i.DMA2_Stream2_IRQHandler) for DMA2_Stream2_IRQHandler
    startup_stm32f407xx.o(RESET) refers to stm32f4xx_it.o(i.USART6_IRQHandler) for USART6_IRQHandler
    startup_stm32f407xx.o(.text) refers to system_stm32f4xx.o(i.SystemInit) for SystemInit
    startup_stm32f407xx.o(.text) refers to entry.o(.ARM.Collect$$$$00000000) for __main
    main.o(i.SystemClock_Config) refers to memseta.o(.text) for __aeabi_memclr4
    main.o(i.SystemClock_Config) refers to stm32f4xx_hal_rcc.o(i.HAL_RCC_OscConfig) for HAL_RCC_OscConfig
    main.o(i.SystemClock_Config) refers to stm32f4xx_hal_rcc.o(i.HAL_RCC_ClockConfig) for HAL_RCC_ClockConfig
    main.o(i.main) refers to stm32f4xx_hal.o(i.HAL_Init) for HAL_Init
    main.o(i.main) refers to main.o(i.SystemClock_Config) for SystemClock_Config
    main.o(i.main) refers to gpio.o(i.MX_GPIO_Init) for MX_GPIO_Init
    main.o(i.main) refers to dma.o(i.MX_DMA_Init) for MX_DMA_Init
    main.o(i.main) refers to usart.o(i.MX_USART1_UART_Init) for MX_USART1_UART_Init
    main.o(i.main) refers to usart.o(i.MX_USART6_UART_Init) for MX_USART6_UART_Init
    main.o(i.main) refers to spi.o(i.MX_SPI2_Init) for MX_SPI2_Init
    main.o(i.main) refers to printfa.o(i.__0printf) for __2printf
    main.o(i.main) refers to log.o(i.log_msg_level) for log_msg_level
    main.o(i.main) refers to bootloader.o(i.bootloader_init) for bootloader_init
    main.o(i.main) refers to uart_interact.o(i.check_wakeup_singal) for check_wakeup_singal
    main.o(i.main) refers to bootloader.o(i.bootloader_checkupdate) for bootloader_checkupdate
    main.o(i.main) refers to bootloader.o(i.bootloader_updateapp) for bootloader_updateapp
    main.o(i.main) refers to usart.o(i.HAL_UART_MspDeInit) for HAL_UART_MspDeInit
    main.o(i.main) refers to iwdg.o(i.MX_IWDG_Init) for MX_IWDG_Init
    main.o(i.main) refers to bootloader.o(i.bootloader_executeapp) for bootloader_executeapp
    main.o(i.main) refers to main.o(.data) for .data
    main.o(i.main) refers to usart.o(.bss) for huart1
    main.o(.data) refers to main.o(.conststring) for .conststring
    gpio.o(i.MX_GPIO_Init) refers to memseta.o(.text) for __aeabi_memclr4
    gpio.o(i.MX_GPIO_Init) refers to stm32f4xx_hal_gpio.o(i.HAL_GPIO_WritePin) for HAL_GPIO_WritePin
    gpio.o(i.MX_GPIO_Init) refers to stm32f4xx_hal_gpio.o(i.HAL_GPIO_Init) for HAL_GPIO_Init
    dma.o(i.MX_DMA_Init) refers to stm32f4xx_hal_cortex.o(i.HAL_NVIC_SetPriority) for HAL_NVIC_SetPriority
    dma.o(i.MX_DMA_Init) refers to stm32f4xx_hal_cortex.o(i.HAL_NVIC_EnableIRQ) for HAL_NVIC_EnableIRQ
    iwdg.o(i.MX_IWDG_Init) refers to stm32f4xx_hal_iwdg.o(i.HAL_IWDG_Init) for HAL_IWDG_Init
    iwdg.o(i.MX_IWDG_Init) refers to main.o(i.Error_Handler) for Error_Handler
    iwdg.o(i.MX_IWDG_Init) refers to iwdg.o(.bss) for .bss
    spi.o(i.HAL_SPI_MspDeInit) refers to stm32f4xx_hal_gpio.o(i.HAL_GPIO_DeInit) for HAL_GPIO_DeInit
    spi.o(i.HAL_SPI_MspInit) refers to memseta.o(.text) for __aeabi_memclr4
    spi.o(i.HAL_SPI_MspInit) refers to stm32f4xx_hal_gpio.o(i.HAL_GPIO_Init) for HAL_GPIO_Init
    spi.o(i.MX_SPI2_Init) refers to stm32f4xx_hal_spi.o(i.HAL_SPI_Init) for HAL_SPI_Init
    spi.o(i.MX_SPI2_Init) refers to main.o(i.Error_Handler) for Error_Handler
    spi.o(i.MX_SPI2_Init) refers to spi.o(.bss) for .bss
    usart.o(i.HAL_UART_MspDeInit) refers to stm32f4xx_hal_gpio.o(i.HAL_GPIO_DeInit) for HAL_GPIO_DeInit
    usart.o(i.HAL_UART_MspDeInit) refers to stm32f4xx_hal_dma.o(i.HAL_DMA_DeInit) for HAL_DMA_DeInit
[...]
    ../Core/Src/gpio.c                       0x00000000   Number         0  gpio.o ABSOLUTE
    ../Core/Src/main.c                       0x00000000   Number         0  main.o ABSOLUTE
    ../Core/Src/spi.c                        0x00000000   Number         0  spi.o ABSOLUTE
    ../Core/Src/stm32f4xx_hal_msp.c          0x00000000   Number         0  stm32f4xx_hal_msp.o ABSOLUTE
    ../Core/Src/stm32f4xx_it.c               0x00000000   Number         0  stm32f4xx_it.o ABSOLUTE
    ../Core/Src/system_stm32f4xx.c           0x00000000   Number         0  system_stm32f4xx.o ABSOLUTE
    ../Core/Src/usart.c                      0x00000000   Number         0  usart.o ABSOLUTE
    ../Drivers/STM32F4xx_HAL_Driver/Src/stm32f4xx_hal.c 0x00000000   Number         0  stm32f4xx_hal.o ABSOLUTE
    ../Drivers/STM32F4xx_HAL_Driver/Src/stm32f4xx_hal_cortex.c 0x00000000   Number         0  stm32f4xx_hal_cortex.o ABSOLUTE
    ../Drivers/STM32F4xx_HAL_Driver/Src/stm32f4xx_hal_dma.c 0x00000000   Number         0  stm32f4xx_hal_dma.o ABSOLUTE
    ../Drivers/STM32F4xx_HAL_Driver/Src/stm32f4xx_hal_dma_ex.c 0x00000000   Number         0  stm32f4xx_hal_dma_ex.o ABSOLUTE
    ../Drivers/STM32F4xx_HAL_Driver/Src/stm32f4xx_hal_exti.c 0x00000000   Number         0  stm32f4xx_hal_exti.o ABSOLUTE
    ../Drivers/STM32F4xx_HAL_Driver/Src/stm32f4xx_hal_flash.c 0x00000000   Number         0  stm32f4xx_hal_flash.o ABSOLUTE
    ../Drivers/STM32F4xx_HAL_Driver/Src/stm32f4xx_hal_flash_ex.c 0x00000000   Number         0  stm32f4xx_hal_flash_ex.o ABSOLUTE
    ../Drivers/STM32F4xx_HAL_Driver/Src/stm32f4xx_hal_flash_ramfunc.c 0x00000000   Number         0  stm32f4xx_hal_flash_ramfunc.o ABSOLUTE
    ../Drivers/STM32F4xx_HAL_Driver/Src/stm32f4xx_hal_gpio.c 0x00000000   Number         0  stm32f4xx_hal_gpio.o ABSOLUTE
    ../Drivers/STM32F4xx_HAL_Driver/Src/stm32f4xx_hal_pwr.c 0x00000000   Number         0  stm32f4xx_hal_pwr.o ABSOLUTE
    ../Drivers/STM32F4xx_HAL_Driver/Src/stm32f4xx_hal_pwr_ex.c 0x00000000   Number         0  stm32f4xx_hal_pwr_ex.o ABSOLUTE
    ../Drivers/STM32F4xx_HAL_Driver/Src/stm32f4xx_hal_rcc.c 0x00000000   Number         0  stm32f4xx_hal_rcc.o ABSOLUTE
    ../Drivers/STM32F4xx_HAL_Driver/Src/stm32f4xx_hal_rcc_ex.c 0x00000000   Number         0  stm32f4xx_hal_rcc_ex.o ABSOLUTE
    ../Drivers/STM32F4xx_HAL_Driver/Src/stm32f4xx_hal_spi.c 0x00000000   Number         0  stm32f4xx_hal_spi.o ABSOLUTE
    ../Drivers/STM32F4xx_HAL_Driver/Src/stm32f4xx_hal_tim.c 0x00000000   Number         0  stm32f4xx_hal_tim.o ABSOLUTE
    ../Drivers/STM32F4xx_HAL_Driver/Src/stm32f4xx_hal_tim_ex.c 0x00000000   Number         0  stm32f4xx_hal_tim_ex.o ABSOLUTE
    ../Drivers/STM32F4xx_HAL_Driver/Src/stm32f4xx_hal_uart.c 0x00000000   Number         0  stm32f4xx_hal_uart.o ABSOLUTE
    ../clib/microlib/division.c              0x00000000   Number         0  uidiv.o ABSOLUTE
    ../clib/microlib/division.c              0x00000000   Number         0  uldiv.o ABSOLUTE
    ../clib/microlib/init/entry.s            0x00000000   Number         0  entry7b.o ABSOLUTE
    ../clib/microlib/init/entry.s            0x00000000   Number         0  entry8a.o ABSOLUTE
    ../clib/microlib/init/entry.s            0x00000000   Number         0  entry9a.o ABSOLUTE
    ../clib/microlib/init/entry.s            0x00000000   Number         0  entry11a.o ABSOLUTE
    ../clib/microlib/init/entry.s            0x00000000   Number         0  entry8b.o ABSOLUTE
    ../clib/microlib/init/entry.s            0x00000000   Number         0  entry.o ABSOLUTE
    ../clib/microlib/init/entry.s            0x00000000   Number         0  entry12b.o ABSOLUTE
    ../clib/microlib/init/entry.s            0x00000000   Number         0  entry9b.o ABSOLUTE
    ../clib/microlib/init/entry.s            0x00000000   Number         0  entry12a.o ABSOLUTE
    ../clib/microlib/init/entry.s            0x00000000   Number         0  entry11b.o ABSOLUTE
    ../clib/microlib/init/entry.s            0x00000000   Number         0  entry7a.o ABSOLUTE
    ../clib/microlib/init/entry.s            0x00000000   Number         0  entry5.o ABSOLUTE
    ../clib/microlib/init/entry.s            0x00000000   Number         0  entry2.o ABSOLUTE
    ../clib/microlib/init/entry.s            0x00000000   Number         0  entry10b.o ABSOLUTE
    ../clib/microlib/init/entry.s            0x00000000   Number         0  entry10a.o ABSOLUTE
    ../clib/microlib/longlong.c              0x00000000   Number         0  llushr.o ABSOLUTE
    ../clib/microlib/longlong.c              0x00000000   Number         0  llsshr.o ABSOLUTE
    ../clib/microlib/longlong.c              0x00000000   Number         0  llshl.o ABSOLUTE
    ../clib/microlib/printf/printf.c         0x00000000   Number         0  printf6.o ABSOLUTE
    ../clib/microlib/printf/printf.c         0x00000000   Number         0  printfa.o ABSOLUTE
    ../clib/microlib/printf/printf.c         0x00000000   Number         0  printf8.o ABSOLUTE
    ../clib/microlib/printf/printf.c         0x00000000   Number         0  printf7.o ABSOLUTE
    ../clib/microlib/printf/printf.c         0x00000000   Number         0  printf5.o ABSOLUTE
    ../clib/microlib/printf/printf.c         0x00000000   Number         0  printf4.o ABSOLUTE
    ../clib/microlib/printf/printf.c         0x00000000   Number         0  printf3.o ABSOLUTE
    ../clib/microlib/printf/printf.c         0x00000000   Number         0  printf2.o ABSOLUTE
    ../clib/microlib/printf/printf.c         0x00000000   Number         0  printf1.o ABSOLUTE
    ../clib/microlib/printf/printf.c         0x00000000   Number         0  printf0.o ABSOLUTE
    ../clib/microlib/printf/printf.c         0x00000000   Number         0  printfb.o ABSOLUTE
    ../clib/microlib/printf/stubs.s          0x00000000   Number         0  stubs.o ABSOLUTE
    ../clib/microlib/stdio/streams.c         0x00000000   Number         0  stdout.o ABSOLUTE
    ../clib/microlib/string/memcpy.c         0x00000000   Number         0  memcpya.o ABSOLUTE
    ../clib/microlib/string/memcpy.c         0x00000000   Number         0  memcpyb.o ABSOLUTE
    ../clib/microlib/string/memset.c         0x00000000   Number         0  memseta.o ABSOLUTE
    ../clib/microlib/string/strcmp.c         0x00000000   Number         0  strcmp.o ABSOLUTE
    ../clib/microlib/stubs.s                 0x00000000   Number         0  iusefp.o ABSOLUTE
    ../fplib/microlib/fpadd.c                0x00000000   Number         0  dadd.o ABSOLUTE
    ../fplib/microlib/fpdiv.c                0x00000000   Number         0  ddiv.o ABSOLUTE
    ../fplib/microlib/fpepilogue.c           0x00000000   Number         0  depilogue.o ABSOLUTE
    ../fplib/microlib/fpfix.c                0x00000000   Number         0  dfixul.o ABSOLUTE
    ../fplib/microlib/fpmul.c                0x00000000   Number         0  dmul.o ABSOLUTE
    ..\Code\bootloader.c                     0x00000000   Number         0  bootloader.o ABSOLUTE
    ..\Code\flash.c                          0x00000000   Number         0  flash.o ABSOLUTE
    ..\Code\log.c                            0x00000000   Number         0  log.o ABSOLUTE
    ..\Code\ota_protocol.c                   0x00000000   Number         0  ota_protocol.o ABSOLUTE
    ..\Code\uart_interact.c                  0x00000000   Number         0  uart_interact.o ABSOLUTE
    ..\Code\w25qxx.c                         0x00000000   Number         0  w25qxx.o ABSOLUTE
    ..\Core\Src\dma.c                        0x00000000   Number         0  dma.o ABSOLUTE
    ..\Core\Src\gpio.c                       0x00000000   Number         0  gpio.o ABSOLUTE
    ..\Core\Src\iwdg.c                       0x00000000   Number         0  iwdg.o ABSOLUTE
    ..\Core\Src\main.c                       0x00000000   Number         0  main.o ABSOLUTE
    ..\Core\Src\spi.c                        0x00000000   Number         0  spi.o ABSOLUTE
    ..\Core\Src\stm32f4xx_hal_msp.c          0x00000000   Number         0  stm32f4xx_hal_msp.o ABSOLUTE
    ..\Core\Src\stm32f4xx_it.c               0x00000000   Number         0  stm32f4xx_it.o ABSOLUTE
    ..\Core\Src\system_stm32f4xx.c           0x00000000   Number         0  system_stm32f4xx.o ABSOLUTE
    ..\Core\Src\usart.c                      0x00000000   Number         0  usart.o ABSOLUTE
    ..\Drivers\STM32F4xx_HAL_Driver\Src\stm32f4xx_hal.c 0x00000000   Number         0  stm32f4xx_hal.o ABSOLUTE
    ..\Drivers\STM32F4xx_HAL_Driver\Src\stm32f4xx_hal_cortex.c 0x00000000   Number         0  stm32f4xx_hal_cortex.o ABSOLUTE
    ..\Drivers\STM32F4xx_HAL_Driver\Src\stm32f4xx_hal_dma.c 0x00000000   Number         0  stm32f4xx_hal_dma.o ABSOLUTE
    ..\Drivers\STM32F4xx_HAL_Driver\Src\stm32f4xx_hal_dma_ex.c 0x00000000   Number         0  stm32f4xx_hal_dma_ex.o ABSOLUTE
    ..\Drivers\STM32F4xx_HAL_Driver\Src\stm32f4xx_hal_exti.c 0x00000000   Number         0  stm32f4xx_hal_exti.o ABSOLUTE
    ..\Drivers\STM32F4xx_HAL_Driver\Src\stm32f4xx_hal_flash.c 0x00000000   Number         0  stm32f4xx_hal_flash.o ABSOLUTE
    ..\Drivers\STM32F4xx_HAL_Driver\Src\stm32f4xx_hal_flash_ex.c 0x00000000   Number         0  stm32f4xx_hal_flash_ex.o ABSOLUTE
    ..\Drivers\STM32F4xx_HAL_Driver\Src\stm32f4xx_hal_flash_ramfunc.c 0x00000000   Number         0  stm32f4xx_hal_flash_ramfunc.o ABSOLUTE
    ..\Drivers\STM32F4xx_HAL_Driver\Src\stm32f4xx_hal_gpio.c 0x00000000   Number         0  stm32f4xx_hal_gpio.o ABSOLUTE
    ..\Drivers\STM32F4xx_HAL_Driver\Src\stm32f4xx_hal_iwdg.c 0x00000000   Number         0  stm32f4xx_hal_iwdg.o ABSOLUTE
    ..\Drivers\STM32F4xx_HAL_Driver\Src\stm32f4xx_hal_pwr.c 0x00000000   Number         0  stm32f4xx_hal_pwr.o ABSOLUTE
    ..\Drivers\STM32F4xx_HAL_Driver\Src\stm32f4xx_hal_pwr_ex.c 0x00000000   Number         0  stm32f4xx_hal_pwr_ex.o ABSOLUTE
    ..\Drivers\STM32F4xx_HAL_Driver\Src\stm32f4xx_hal_rcc.c 0x00000000   Number         0  stm32f4xx_hal_rcc.o ABSOLUTE
    ..\Drivers\STM32F4xx_HAL_Driver\Src\stm32f4xx_hal_rcc_ex.c 0x00000000   Number         0  stm32f4xx_hal_rcc_ex.o ABSOLUTE
    ..\Drivers\STM32F4xx_HAL_Driver\Src\stm32f4xx_hal_spi.c 0x00000000   Number         0  stm32f4xx_hal_spi.o ABSOLUTE
    ..\Drivers\STM32F4xx_HAL_Driver\Src\stm32f4xx_hal_tim.c 0x00000000   Number         0  stm32f4xx_hal_tim.o ABSOLUTE
    ..\Drivers\STM32F4xx_HAL_Driver\Src\stm32f4xx_hal_tim_ex.c 0x00000000   Number         0  stm32f4xx_hal_tim_ex.o ABSOLUTE
    ..\Drivers\STM32F4xx_HAL_Driver\Src\stm32f4xx_hal_uart.c 0x00000000   Number         0  stm32f4xx_hal_uart.o ABSOLUTE
    ..\\Code\\bootloader.c                   0x00000000   Number         0  bootloader.o ABSOLUTE
    ..\\Code\\flash.c                        0x00000000   Number         0  flash.o ABSOLUTE
    ..\\Code\\ota_protocol.c                 0x00000000   Number         0  ota_protocol.o ABSOLUTE
    ..\\Code\\uart_interact.c                0x00000000   Number         0  uart_interact.o ABSOLUTE
    ..\\Code\\w25qxx.c                       0x00000000   Number         0  w25qxx.o ABSOLUTE
    ..\\Core\\Src\\iwdg.c                    0x00000000   Number         0  iwdg.o ABSOLUTE
    ..\\Drivers\\STM32F4xx_HAL_Driver\\Src\\stm32f4xx_hal_iwdg.c 0x00000000   Number         0  stm32f4xx_hal_iwdg.o ABSOLUTE
    cdrcmple.s                               0x00000000   Number         0  cdrcmple.o ABSOLUTE
    dc.s                                     0x00000000   Number         0  dc.o ABSOLUTE
    handlers.s                               0x00000000   Number         0  handlers.o ABSOLUTE
    init.s                                   0x00000000   Number         0  init.o ABSOLUTE
    startup_stm32f407xx.s                    0x00000000   Number         0  startup_stm32f407xx.o ABSOLUTE
    RESET                                    0x08000000   Section      392  startup_stm32f407xx.o(RESET)
    .ARM.Collect$$$$00000000                 0x08000188   Section        0  entry.o(.ARM.Collect$$$$00000000)
    .ARM.Collect$$$$00000001                 0x08000188   Section        4  entry2.o(.ARM.Collect$$$$00000001)
    .ARM.Collect$$$$00000004                 0x0800018c   Section        4  entry5.o(.ARM.Collect$$$$00000004)
    .ARM.Collect$$$$00000008                 0x08000190   Section        0  entry7b.o(.ARM.Collect$$$$00000008)
    .ARM.Collect$$$$0000000A                 0x08000190   Section        0  entry8b.o(.ARM.Collect$$$$0000000A)
    .ARM.Collect$$$$0000000B                 0x08000190   Section        8  entry9a.o(.ARM.Collect$$$$0000000B)
    .ARM.Collect$$$$0000000E                 0x08000198   Section        4  entry12b.o(.ARM.Collect$$$$0000000E)
    .ARM.Collect$$$$0000000F                 0x0800019c   Section        0  entry10a.o(.ARM.Collect$$$$0000000F)
    .ARM.Collect$$$$00000011                 0x0800019c   Section        0  entry11a.o(.ARM.Collect$$$$00000011)
    .ARM.Collect$$$$00002712                 0x0800019c   Section        4  entry2.o(.ARM.Collect$$$$00002712)
    __lit__00000000                          0x0800019c   Data           4  entry2.o(.ARM.Collect$$$$00002712)
    .emb_text                                0x080001a0   Section        6  bootloader.o(.emb_text)
    $v0                                      0x080001a0   Number         0  bootloader.o(.emb_text)
    .text                                    0x080001a8   Section       36  startup_stm32f407xx.o(.text)
    $v0                                      0x080001a8   Number         0  startup_stm32f407xx.o(.text)
    .text                                    0x080001cc   Section        0  uldiv.o(.text)
    .text                                    0x0800022e   Section        0  memseta.o(.text)
    .text                                    0x08000252   Section        0  strcmp.o(.text)
    .text                                    0x0800026e   Section        0  uidiv.o(.text)
    .text                                    0x0800029a   Section        0  llshl.o(.text)
    .text                                    0x080002b8   Section        0  llushr.o(.text)
    .text                                    0x080002d8   Section        0  dadd.o(.text)
    .text                                    0x080002d8   Section        0  iusefp.o(.text)
    .text                                    0x08000426   Section        0  dmul.o(.text)
    .text                                    0x0800050a   Section        0  ddiv.o(.text)
    .text                                    0x080005e8   Section        0  dfixul.o(.text)
    .text                                    0x08000618   Section       48  cdrcmple.o(.text)
    .text                                    0x08000648   Section       36  init.o(.text)
    .text                                    0x0800066c   Section        0  llsshr.o(.text)
    .text                                    0x08000690   Section        0  depilogue.o(.text)
    i.BusFault_Handler                       0x0800074a   Section        0  stm32f4xx_it.o(i.BusFault_Handler)
    i.DMA2_Stream1_IRQHandler                0x0800074c   Section        0  stm32f4xx_it.o(i.DMA2_Stream1_IRQHandler)
    i.DMA2_Stream2_IRQHandler                0x08000758   Section        0  stm32f4xx_it.o(i.DMA2_Stream2_IRQHandler)
    i.DMA_CalcBaseAndBitshift                0x08000764   Section        0  stm32f4xx_hal_dma.o(i.DMA_CalcBaseAndBitshift)
    DMA_CalcBaseAndBitshift                  0x08000765   Thumb Code    34  stm32f4xx_hal_dma.o(i.DMA_CalcBaseAndBitshift)
    i.DMA_CheckFifoParam                     0x0800078c   Section        0  stm32f4xx_hal_dma.o(i.DMA_CheckFifoParam)
    DMA_CheckFifoParam                       0x0800078d   Thumb Code    84  stm32f4xx_hal_dma.o(i.DMA_CheckFifoParam)
    i.DMA_SetConfig                          0x080007e0   Section        0  stm32f4xx_hal_dma.o(i.DMA_SetConfig)
    DMA_SetConfig                            0x080007e1   Thumb Code    40  stm32f4xx_hal_dma.o(i.DMA_SetConfig)
    i.DebugMon_Handler                       0x08000808   Section        0  stm32f4xx_it.o(i.DebugMon_Handler)
    i.Error_Handler                          0x0800080a   Section        0  main.o(i.Error_Handler)
    i.FLASH_Erase_Sector                     0x08000810   Section        0  stm32f4xx_hal_flash_ex.o(i.FLASH_Erase_Sector)
    i.FLASH_FlushCaches                      0x08000860   Section        0  stm32f4xx_hal_flash_ex.o(i.FLASH_FlushCaches)
    i.FLASH_MassErase                        0x080008b4   Section        0  stm32f4xx_hal_flash_ex.o(i.FLASH_MassErase)
    FLASH_MassErase                          0x080008b5   Thumb Code    34  stm32f4xx_hal_flash_ex.o(i.FLASH_MassErase)
    i.FLASH_Program_Byte                     0x080008dc   Section        0  stm32f4xx_hal_flash.o(i.FLASH_Program_Byte)
    FLASH_Program_Byte                       0x080008dd   Thumb Code    26  stm32f4xx_hal_flash.o(i.FLASH_Program_Byte)
    i.FLASH_Program_DoubleWord               0x080008fc   Section        0  stm32f4xx_hal_flash.o(i.FLASH_Program_DoubleWord)
    FLASH_Program_DoubleWord                 0x080008fd   Thumb Code    38  stm32f4xx_hal_flash.o(i.FLASH_Program_DoubleWord)
    i.FLASH_Program_HalfWord                 0x08000928   Section        0  stm32f4xx_hal_flash.o(i.FLASH_Program_HalfWord)
    FLASH_Program_HalfWord                   0x08000929   Thumb Code    30  stm32f4xx_hal_flash.o(i.FLASH_Program_HalfWord)
    i.FLASH_Program_Word                     0x0800094c   Section        0  stm32f4xx_hal_flash.o(i.FLASH_Program_Word)
    FLASH_Program_Word                       0x0800094d   Thumb Code    30  stm32f4xx_hal_flash.o(i.FLASH_Program_Word)
    i.FLASH_SetErrorCode                     0x08000970   Section        0  stm32f4xx_hal_flash.o(i.FLASH_SetErrorCode)
    FLASH_SetErrorCode                       0x08000971   Thumb Code    96  stm32f4xx_hal_flash.o(i.FLASH_SetErrorCode)
    i.FLASH_WaitForLastOperation             0x080009d8   Section        0  stm32f4xx_hal_flash.o(i.FLASH_WaitForLastOperation)
    i.HAL_DMA_Abort                          0x08000a28   Section        0  stm32f4xx_hal_dma.o(i.HAL_DMA_Abort)
    i.HAL_DMA_Abort_IT                       0x08000aba   Section        0  stm32f4xx_hal_dma.o(i.HAL_DMA_Abort_IT)
    i.HAL_DMA_DeInit                         0x08000ade   Section        0  stm32f4xx_hal_dma.o(i.HAL_DMA_DeInit)
    i.HAL_DMA_IRQHandler                     0x08000b40   Section        0  stm32f4xx_hal_dma.o(i.HAL_DMA_IRQHandler)
    i.HAL_DMA_Init                           0x08000ce0   Section        0  stm32f4xx_hal_dma.o(i.HAL_DMA_Init)
    i.HAL_DMA_Start_IT                       0x08000db4   Section        0  stm32f4xx_hal_dma.o(i.HAL_DMA_Start_IT)
    i.HAL_Delay                              0x08000e24   Section        0  stm32f4xx_hal.o(i.HAL_Delay)
    i.HAL_FLASHEx_Erase                      0x08000e48   Section        0  stm32f4xx_hal_flash_ex.o(i.HAL_FLASHEx_Erase)
    i.HAL_FLASH_Lock                         0x08000ee0   Section        0  stm32f4xx_hal_flash.o(i.HAL_FLASH_Lock)
    i.HAL_FLASH_Program                      0x08000ef4   Section        0  stm32f4xx_hal_flash.o(i.HAL_FLASH_Program)
    i.HAL_FLASH_Unlock                       0x08000f70   Section        0  stm32f4xx_hal_flash.o(i.HAL_FLASH_Unlock)
    i.HAL_GPIO_DeInit                        0x08000f9c   Section        0  stm32f4xx_hal_gpio.o(i.HAL_GPIO_DeInit)
    i.HAL_GPIO_Init                          0x08001104   Section        0  stm32f4xx_hal_gpio.o(i.HAL_GPIO_Init)
    i.HAL_GPIO_WritePin                      0x080012f4   Section        0  stm32f4xx_hal_gpio.o(i.HAL_GPIO_WritePin)
    i.HAL_GetTick                            0x08001300   Section        0  stm32f4xx_hal.o(i.HAL_GetTick)
    i.HAL_IWDG_Init                          0x0800130c   Section        0  stm32f4xx_hal_iwdg.o(i.HAL_IWDG_Init)
    i.HAL_IncTick                            0x08001368   Section        0  stm32f4xx_hal.o(i.HAL_IncTick)
    i.HAL_Init                               0x08001378   Section        0  stm32f4xx_hal.o(i.HAL_Init)
    i.HAL_InitTick                           0x080013ac   Section        0  stm32f4xx_hal.o(i.HAL_InitTick)
    i.HAL_MspInit                            0x080013ec   Section        0  stm32f4xx_hal_msp.o(i.HAL_MspInit)
    i.HAL_NVIC_DisableIRQ                    0x0800141c   Section        0  stm32f4xx_hal_cortex.o(i.HAL_NVIC_DisableIRQ)
    i.HAL_NVIC_EnableIRQ                     0x0800143e   Section        0  stm32f4xx_hal_cortex.o(i.HAL_NVIC_EnableIRQ)
    i.HAL_NVIC_SetPriority                   0x08001458   Section        0  stm32f4xx_hal_cortex.o(i.HAL_NVIC_SetPriority)
    i.HAL_NVIC_SetPriorityGrouping           0x08001498   Section        0  stm32f4xx_hal_cortex.o(i.HAL_NVIC_SetPriorityGrouping)
    i.HAL_NVIC_SystemReset                   0x080014bc   Section        0  stm32f4xx_hal_cortex.o(i.HAL_NVIC_SystemReset)
    i.HAL_RCC_ClockConfig                    0x080014e0   Section        0  stm32f4xx_hal_rcc.o(i.HAL_RCC_ClockConfig)
    i.HAL_RCC_GetPCLK1Freq                   0x08001614   Section        0  stm32f4xx_hal_rcc.o(i.HAL_RCC_GetPCLK1Freq)
    i.HAL_RCC_GetPCLK2Freq                   0x08001634   Section        0  stm32f4xx_hal_rcc.o(i.HAL_RCC_GetPCLK2Freq)
    i.HAL_RCC_GetSysClockFreq                0x08001654   Section        0  stm32f4xx_hal_rcc.o(i.HAL_RCC_GetSysClockFreq)
    i.HAL_RCC_OscConfig                      0x080016b8   Section        0  stm32f4xx_hal_rcc.o(i.HAL_RCC_OscConfig)
    i.HAL_SPI_Init                           0x08001a24   Section        0  stm32f4xx_hal_spi.o(i.HAL_SPI_Init)
    i.HAL_SPI_MspInit                        0x08001ae0   Section        0  spi.o(i.HAL_SPI_MspInit)
    i.HAL_SPI_TransmitReceive                0x08001b70   Section        0  stm32f4xx_hal_spi.o(i.HAL_SPI_TransmitReceive)
    i.HAL_SYSTICK_Config                     0x08001d52   Section        0  stm32f4xx_hal_cortex.o(i.HAL_SYSTICK_Config)
    i.HAL_UARTEx_RxEventCallback             0x08001d7a   Section        0  stm32f4xx_hal_uart.o(i.HAL_UARTEx_RxEventCallback)
    i.HAL_UART_DMAStop                       0x08001d7c   Section        0  stm32f4xx_hal_uart.o(i.HAL_UART_DMAStop)
    i.HAL_UART_ErrorCallback                 0x08001dec   Section        0  stm32f4xx_hal_uart.o(i.HAL_UART_ErrorCallback)
    i.HAL_UART_IRQHandler                    0x08001df0   Section        0  stm32f4xx_hal_uart.o(i.HAL_UART_IRQHandler)
    i.HAL_UART_Init                          0x08002058   Section        0  stm32f4xx_hal_uart.o(i.HAL_UART_Init)
    i.HAL_UART_MspDeInit                     0x080020bc   Section        0  usart.o(i.HAL_UART_MspDeInit)
    i.HAL_UART_MspInit                       0x08002124   Section        0  usart.o(i.HAL_UART_MspInit)
    i.HAL_UART_Receive_DMA                   0x08002250   Section        0  stm32f4xx_hal_uart.o(i.HAL_UART_Receive_DMA)
    i.HAL_UART_RxCpltCallback                0x0800227a   Section        0  stm32f4xx_hal_uart.o(i.HAL_UART_RxCpltCallback)
    i.HAL_UART_RxHalfCpltCallback            0x0800227c   Section        0  stm32f4xx_hal_uart.o(i.HAL_UART_RxHalfCpltCallback)
    i.HAL_UART_RxIdleCallback                0x08002280   Section        0  usart.o(i.HAL_UART_RxIdleCallback)
    i.HAL_UART_Transmit                      0x0800231c   Section        0  stm32f4xx_hal_uart.o(i.HAL_UART_Transmit)
    i.HAL_UART_TxCpltCallback                0x080023ce   Section        0  stm32f4xx_hal_uart.o(i.HAL_UART_TxCpltCallback)
    i.HardFault_Handler                      0x080023d0   Section        0  stm32f4xx_it.o(i.HardFault_Handler)
    i.MX_DMA_Init                            0x080023d4   Section        0  dma.o(i.MX_DMA_Init)
    i.MX_GPIO_Init                           0x08002410   Section        0  gpio.o(i.MX_GPIO_Init)
    i.MX_IWDG_Init                           0x0800249c   Section        0  iwdg.o(i.MX_IWDG_Init)
    i.MX_SPI2_Init                           0x080024c8   Section        0  spi.o(i.MX_SPI2_Init)
    i.MX_USART1_UART_Init                    0x08002510   Section        0  usart.o(i.MX_USART1_UART_Init)
    i.MX_USART6_UART_Init                    0x0800255c   Section        0  usart.o(i.MX_USART6_UART_Init)
    i.MemManage_Handler                      0x080025ac   Section        0  stm32f4xx_it.o(i.MemManage_Handler)
    i.NMI_Handler                            0x080025ae   Section        0  stm32f4xx_it.o(i.NMI_Handler)
    i.PendSV_Handler                         0x080025b0   Section        0  stm32f4xx_it.o(i.PendSV_Handler)
    i.SPI_EndRxTxTransaction                 0x080025b4   Section        0  stm32f4xx_hal_spi.o(i.SPI_EndRxTxTransaction)
    SPI_EndRxTxTransaction                   0x080025b5   Thumb Code    80  stm32f4xx_hal_spi.o(i.SPI_EndRxTxTransaction)
    i.SPI_WaitFlagStateUntilTimeout          0x0800260c   Section        0  stm32f4xx_hal_spi.o(i.SPI_WaitFlagStateUntilTimeout)
    SPI_WaitFlagStateUntilTimeout            0x0800260d   Thumb Code   180  stm32f4xx_hal_spi.o(i.SPI_WaitFlagStateUntilTimeout)
    i.SVC_Handler                            0x080026c4   Section        0  stm32f4xx_it.o(i.SVC_Handler)
    i.SysTick_Handler                        0x080026c6   Section        0  stm32f4xx_it.o(i.SysTick_Handler)
    i.SystemClock_Config                     0x080026cc   Section        0  main.o(i.SystemClock_Config)
    i.SystemInit                             0x08002768   Section        0  system_stm32f4xx.o(i.SystemInit)
    i.UART_DMAAbortOnError                   0x08002778   Section        0  stm32f4xx_hal_uart.o(i.UART_DMAAbortOnError)
    UART_DMAAbortOnError                     0x08002779   Thumb Code    16  stm32f4xx_hal_uart.o(i.UART_DMAAbortOnError)
    i.UART_DMAError                          0x08002788   Section        0  stm32f4xx_hal_uart.o(i.UART_DMAError)
    UART_DMAError                            0x08002789   Thumb Code    74  stm32f4xx_hal_uart.o(i.UART_DMAError)
    i.UART_DMAReceiveCplt                    0x080027d2   Section        0  stm32f4xx_hal_uart.o(i.UART_DMAReceiveCplt)
    UART_DMAReceiveCplt                      0x080027d3   Thumb Code   130  stm32f4xx_hal_uart.o(i.UART_DMAReceiveCplt)
    i.UART_DMARxHalfCplt                     0x08002854   Section        0  stm32f4xx_hal_uart.o(i.UART_DMARxHalfCplt)
    UART_DMARxHalfCplt                       0x08002855   Thumb Code    26  stm32f4xx_hal_uart.o(i.UART_DMARxHalfCplt)
    i.UART_EndRxTransfer                     0x0800286e   Section        0  stm32f4xx_hal_uart.o(i.UART_EndRxTransfer)
    UART_EndRxTransfer                       0x0800286f   Thumb Code    78  stm32f4xx_hal_uart.o(i.UART_EndRxTransfer)
    i.UART_EndTxTransfer                     0x080028bc   Section        0  stm32f4xx_hal_uart.o(i.UART_EndTxTransfer)
    UART_EndTxTransfer                       0x080028bd   Thumb Code    28  stm32f4xx_hal_uart.o(i.UART_EndTxTransfer)
    i.UART_Receive_IT                        0x080028d8   Section        0  stm32f4xx_hal_uart.o(i.UART_Receive_IT)
    UART_Receive_IT                          0x080028d9   Thumb Code   192  stm32f4xx_hal_uart.o(i.UART_Receive_IT)
    i.UART_SetConfig                         0x08002998   Section        0  stm32f4xx_hal_uart.o(i.UART_SetConfig)
    UART_SetConfig                           0x08002999   Thumb Code   258  stm32f4xx_hal_uart.o(i.UART_SetConfig)
    i.UART_Start_Receive_DMA                 0x08002aa4   Section        0  stm32f4xx_hal_uart.o(i.UART_Start_Receive_DMA)
    i.UART_WaitOnFlagUntilTimeout            0x08002b38   Section        0  stm32f4xx_hal_uart.o(i.UART_WaitOnFlagUntilTimeout)
    UART_WaitOnFlagUntilTimeout              0x08002b39   Thumb Code   120  stm32f4xx_hal_uart.o(i.UART_WaitOnFlagUntilTimeout)
    i.USART1_IRQHandler                      0x08002bb0   Section        0  stm32f4xx_it.o(i.USART1_IRQHandler)
    i.USART6_IRQHandler                      0x08002bc8   Section        0  stm32f4xx_it.o(i.USART6_IRQHandler)
    i.UsageFault_Handler                     0x08002be0   Section        0  stm32f4xx_it.o(i.UsageFault_Handler)
    i.__0printf                              0x08002be4   Section        0  printfa.o(i.__0printf)
    i.__0vprintf                             0x08002c04   Section        0  printfa.o(i.__0vprintf)
    i.__NVIC_SetPriority                     0x08002c14   Section        0  stm32f4xx_hal_cortex.o(i.__NVIC_SetPriority)
    __NVIC_SetPriority                       0x08002c15   Thumb Code    32  stm32f4xx_hal_cortex.o(i.__NVIC_SetPriority)
    i.__scatterload_copy                     0x08002c34   Section       14  handlers.o(i.__scatterload_copy)
    i.__scatterload_null                     0x08002c42   Section        2  handlers.o(i.__scatterload_null)
    i.__scatterload_zeroinit                 0x08002c44   Section       14  handlers.o(i.__scatterload_zeroinit)
    i._fp_digits                             0x08002c54   Section        0  printfa.o(i._fp_digits)
    _fp_digits                               0x08002c55   Thumb Code   366  printfa.o(i._fp_digits)
    i._printf_core                           0x08002dd8   Section        0  printfa.o(i._printf_core)
    _printf_core                             0x08002dd9   Thumb Code  1704  printfa.o(i._printf_core)
    i._printf_post_padding                   0x0800348c   Section        0  printfa.o(i._printf_post_padding)
    _printf_post_padding                     0x0800348d   Thumb Code    36  printfa.o(i._printf_post_padding)
    i._printf_pre_padding                    0x080034b0   Section        0  printfa.o(i._printf_pre_padding)
    _printf_pre_padding                      0x080034b1   Thumb Code    46  printfa.o(i._printf_pre_padding)
    i.bootloader_checkupdate                 0x080034e0   Section        0  bootloader.o(i.bootloader_checkupdate)
    i.bootloader_executeapp                  0x080034ec   Section        0  bootloader.o(i.bootloader_executeapp)
    i.bootloader_init                        0x08003514   Section        0  bootloader.o(i.bootloader_init)
    i.bootloader_set_updateflag              0x0800359c   Section        0  bootloader.o(i.bootloader_set_updateflag)
    i.bootloader_updateapp                   0x080035d0   Section        0  bootloader.o(i.bootloader_updateapp)
    i.cal_crc16                              0x08003754   Section        0  ota_protocol.o(i.cal_crc16)
    i.check_update                           0x08003784   Section        0  uart_interact.o(i.check_update)
    check_update                             0x08003785   Thumb Code    52  uart_interact.o(i.check_update)
    i.check_wakeup_singal                    0x080037f4   Section        0  uart_interact.o(i.check_wakeup_singal)
    i.flash_datum_exchange                   0x0800384c   Section        0  bootloader.o(i.flash_datum_exchange)
    i.flash_erase                            0x08003984   Section        0  flash.o(i.flash_erase)
    i.flash_read_generic                     0x08003a90   Section        0  flash.o(i.flash_read_generic)
    i.flash_write_generic                    0x08003aa4   Section        0  flash.o(i.flash_write_generic)
    i.fputc                                  0x08003aec   Section        0  usart.o(i.fputc)
    i.log_msg_level                          0x08003afc   Section        0  log.o(i.log_msg_level)
    i.main                                   0x08003b60   Section        0  main.o(i.main)
    i.ota_protocol_process                   0x08003c90   Section        0  ota_protocol.o(i.ota_protocol_process)
    i.uart_interact_main                     0x08003e40   Section        0  uart_interact.o(i.uart_interact_main)
    uart_interact_main                       0x08003e41   Thumb Code    78  uart_interact.o(i.uart_interact_main)
    i.w25qxx_buffer_read                     0x08003f3c   Section        0  w25qxx.o(i.w25qxx_buffer_read)
    i.w25qxx_buffer_write                    0x08003f98   Section        0  w25qxx.o(i.w25qxx_buffer_write)
    i.w25qxx_erase_block                     0x08003ff8   Section        0  w25qxx.o(i.w25qxx_erase_block)
    i.w25qxx_page_write                      0x08004098   Section        0  w25qxx.o(i.w25qxx_page_write)
    i.w25qxx_read_SR                         0x08004108   Section        0  w25qxx.o(i.w25qxx_read_SR)
    i.w25qxx_recvbyte                        0x08004134   Section        0  w25qxx.o(i.w25qxx_recvbyte)
    i.w25qxx_sendbyte                        0x0800413c   Section        0  w25qxx.o(i.w25qxx_sendbyte)
    i.w25qxx_wait_busy                       0x08004160   Section        0  w25qxx.o(i.w25qxx_wait_busy)
    i.w25qxx_write_disable                   0x08004170   Section        0  w25qxx.o(i.w25qxx_write_disable)
    i.w25qxx_write_enable                    0x080041b0   Section        0  w25qxx.o(i.w25qxx_write_enable)
    .constdata                               0x080041f0   Section       32  log.o(.constdata)
    .constdata                               0x08004210   Section        8  stm32f4xx_hal_dma.o(.constdata)
    flagBitshiftOffset                       0x08004210   Data           8  stm32f4xx_hal_dma.o(.constdata)
    .constdata                               0x08004218   Section       16  system_stm32f4xx.o(.constdata)
    .constdata                               0x08004228   Section        8  system_stm32f4xx.o(.constdata)
    .conststring                             0x08004230   Section        5  main.o(.conststring)
    .conststring                             0x08004238   Section       11  bootloader.o(.conststring)
    .conststring                             0x08004244   Section       13  ota_protocol.o(.conststring)
    .conststring                             0x08004254   Section       62  log.o(.conststring)
    .data                                    0x20000000   Section        4  main.o(.data)
    TAG                                      0x20000000   Data           4  main.o(.data)
    .data                                    0x20000004   Section        8  usart.o(.data)
    .data                                    0x2000000c   Section       11  bootloader.o(.data)
    TAG                                      0x2000000c   Data           4  bootloader.o(.data)
    shared_info                              0x20000010   Data           7  bootloader.o(.data)
    .data                                    0x20000018   Section       20  ota_protocol.o(.data)
    TAG                                      0x2000001c   Data           4  ota_protocol.o(.data)
    download_addr                            0x20000020   Data           4  ota_protocol.o(.data)
    app_addr                                 0x20000024   Data           4  ota_protocol.o(.data)
    total_size                               0x20000028   Data           4  ota_protocol.o(.data)
    .data                                    0x2000002c   Section       12  stm32f4xx_hal.o(.data)
    .data                                    0x20000038   Section        4  system_stm32f4xx.o(.data)
    .data                                    0x2000003c   Section        4  stdout.o(.data)
    .bss                                     0x20000040   Section       12  iwdg.o(.bss)
    .bss                                     0x2000004c   Section       88  spi.o(.bss)
    .bss                                     0x200000a4   Section      456  usart.o(.bss)
    .bss                                     0x2000026c   Section      268  ota_protocol.o(.bss)
    .bss                                     0x20000378   Section       32  stm32f4xx_hal_flash.o(.bss)
    STACK                                    0x20000398   Section     4096  startup_stm32f407xx.o(STACK)

    Global Symbols

    Symbol Name                              Value     Ov Type        Size  Object(Section)

    BuildAttributes$$THM_ISAv4$E$P$D$K$B$S$7EM$VFPi3$EXTD16$VFPS$VFMA$PE$A:L22UL41UL21$X:L11$S22US41US21$IEEE1$IW$USESV6$~STKCKD$USESV7$~SHL$OSPACE$ROPI$EBA8$MICROLIB$REQ8$PRES8$EABIv2 0x00000000   Number         0  anon$$obj.o ABSOLUTE
    __ARM_use_no_argv                        0x00000000   Number         0  main.o ABSOLUTE
    _printf_a                                0x00000000   Number         0  stubs.o ABSOLUTE
    _printf_c                                0x00000000   Number         0  stubs.o ABSOLUTE
    _printf_charcount                        0x00000000   Number         0  stubs.o ABSOLUTE
    _printf_d                                0x00000000   Number         0  stubs.o ABSOLUTE
    _printf_e                                0x00000000   Number         0  stubs.o ABSOLUTE
    _printf_f                                0x00000000   Number         0  stubs.o ABSOLUTE
    _printf_flags                            0x00000000   Number         0  stubs.o ABSOLUTE
    _printf_fp_dec                           0x00000000   Number         0  stubs.o ABSOLUTE
    _printf_fp_hex                           0x00000000   Number         0  stubs.o ABSOLUTE
    _printf_g                                0x00000000   Number         0  stubs.o ABSOLUTE
    _printf_i                                0x00000000   Number         0  stubs.o ABSOLUTE
    _printf_int_dec                          0x00000000   Number         0  stubs.o ABSOLUTE
    _printf_l                                0x00000000   Number         0  stubs.o ABSOLUTE
    _printf_lc                               0x00000000   Number         0  stubs.o ABSOLUTE
    _printf_ll                               0x00000000   Number         0  stubs.o ABSOLUTE
    _printf_lld                              0x00000000   Number         0  stubs.o ABSOLUTE
    _printf_lli                              0x00000000   Number         0  stubs.o ABSOLUTE
    _printf_llo                              0x00000000   Number         0  stubs.o ABSOLUTE
    _printf_llu                              0x00000000   Number         0  stubs.o ABSOLUTE
    _printf_llx                              0x00000000   Number         0  stubs.o ABSOLUTE
    _printf_longlong_dec                     0x00000000   Number         0  stubs.o ABSOLUTE
    _printf_longlong_hex                     0x00000000   Number         0  stubs.o ABSOLUTE
    _printf_longlong_oct                     0x00000000   Number         0  stubs.o ABSOLUTE
    _printf_ls                               0x00000000   Number         0  stubs.o ABSOLUTE
    _printf_mbtowc                           0x00000000   Number         0  stubs.o ABSOLUTE
    _printf_n                                0x00000000   Number         0  stubs.o ABSOLUTE
    _printf_o                                0x00000000   Number         0  stubs.o ABSOLUTE
    _printf_p                                0x00000000   Number         0  stubs.o ABSOLUTE
    _printf_percent                          0x00000000   Number         0  stubs.o ABSOLUTE
    _printf_pre_padding                      0x00000000   Number         0  stubs.o ABSOLUTE
    _printf_return_value                     0x00000000   Number         0  stubs.o ABSOLUTE
    _printf_s                                0x00000000   Number         0  stubs.o ABSOLUTE
    _printf_sizespec                         0x00000000   Number         0  stubs.o ABSOLUTE
    _printf_str                              0x00000000   Number         0  stubs.o ABSOLUTE
    _printf_truncate_signed                  0x00000000   Number         0  stubs.o ABSOLUTE
    _printf_truncate_unsigned                0x00000000   Number         0  stubs.o ABSOLUTE
    _printf_u                                0x00000000   Number         0  stubs.o ABSOLUTE
    _printf_wc                               0x00000000   Number         0  stubs.o ABSOLUTE
    _printf_wctomb                           0x00000000   Number         0  stubs.o ABSOLUTE
    _printf_widthprec                        0x00000000   Number         0  stubs.o ABSOLUTE
    _printf_x                                0x00000000   Number         0  stubs.o ABSOLUTE
    __arm_fini_                               - Undefined Weak Reference
    __cpp_initialize__aeabi_                  - Undefined Weak Reference
    __cxa_finalize                            - Undefined Weak Reference
    __decompress                              - Undefined Weak Reference
    _clock_init                               - Undefined Weak Reference
    _microlib_exit                            - Undefined Weak Reference
    __Vectors_Size                           0x00000188   Number         0  startup_stm32f407xx.o ABSOLUTE
    __Vectors                                0x08000000   Data           4  startup_stm32f407xx.o(RESET)
    __Vectors_End                            0x08000188   Data           0  startup_stm32f407xx.o(RESET)
    __main                                   0x08000189   Thumb Code     0  entry.o(.ARM.Collect$$$$00000000)
    _main_stk                                0x08000189   Thumb Code     0  entry2.o(.ARM.Collect$$$$00000001)
    _main_scatterload                        0x0800018d   Thumb Code     0  entry5.o(.ARM.Collect$$$$00000004)
    __main_after_scatterload                 0x08000191   Thumb Code     0  entry5.o(.ARM.Collect$$$$00000004)
    _main_clock                              0x08000191   Thumb Code     0  entry7b.o(.ARM.Collect$$$$00000008)
    _main_cpp_init                           0x08000191   Thumb Code     0  entry8b.o(.ARM.Collect$$$$0000000A)
    _main_init                               0x08000191   Thumb Code     0  entry9a.o(.ARM.Collect$$$$0000000B)
    __rt_lib_shutdown_fini                   0x08000199   Thumb Code     0  entry12b.o(.ARM.Collect$$$$0000000E)
    __rt_final_cpp                           0x0800019d   Thumb Code     0  entry10a.o(.ARM.Collect$$$$0000000F)
    __rt_final_exit                          0x0800019d   Thumb Code     0  entry11a.o(.ARM.Collect$$$$00000011)
    MSR_MSP                                  0x080001a1   Thumb Code     6  bootloader.o(.emb_text)
    Reset_Handler                            0x080001a9   Thumb Code     8  startup_stm32f407xx.o(.text)
    ADC_IRQHandler                           0x080001c3   Thumb Code     0  startup_stm32f407xx.o(.text)
    CAN1_RX0_IRQHandler                      0x080001c3   Thumb Code     0  startup_stm32f407xx.o(.text)
    CAN1_RX1_IRQHandler                      0x080001c3   Thumb Code     0  startup_stm32f407xx.o(.text)
    CAN1_SCE_IRQHandler                      0x080001c3   Thumb Code     0  startup_stm32f407xx.o(.text)
    CAN1_TX_IRQHandler                       0x080001c3   Thumb Code     0  startup_stm32f407xx.o(.text)
    CAN2_RX0_IRQHandler                      0x080001c3   Thumb Code     0  startup_stm32f407xx.o(.text)
    CAN2_RX1_IRQHandler                      0x080001c3   Thumb Code     0  startup_stm32f407xx.o(.text)
    CAN2_SCE_IRQHandler                      0x080001c3   Thumb Code     0  startup_stm32f407xx.o(.text)
    CAN2_TX_IRQHandler                       0x080001c3   Thumb Code     0  startup_stm32f407xx.o(.text)
    DCMI_IRQHandler                          0x080001c3   Thumb Code     0  startup_stm32f407xx.o(.text)
    DMA1_Stream0_IRQHandler                  0x080001c3   Thumb Code     0  startup_stm32f407xx.o(.text)
    DMA1_Stream1_IRQHandler                  0x080001c3   Thumb Code     0  startup_stm32f407xx.o(.text)
    DMA1_Stream2_IRQHandler                  0x080001c3   Thumb Code     0  startup_stm32f407xx.o(.text)
    DMA1_Stream3_IRQHandler                  0x080001c3   Thumb Code     0  startup_stm32f407xx.o(.text)
    DMA1_Stream4_IRQHandler                  0x080001c3   Thumb Code     0  startup_stm32f407xx.o(.text)
    DMA1_Stream5_IRQHandler                  0x080001c3   Thumb Code     0  startup_stm32f407xx.o(.text)
    DMA1_Stream6_IRQHandler                  0x080001c3   Thumb Code     0  startup_stm32f407xx.o(.text)
    DMA1_Stream7_IRQHandler                  0x080001c3   Thumb Code     0  startup_stm32f407xx.o(.text)
    DMA2_Stream0_IRQHandler                  0x080001c3   Thumb Code     0  startup_stm32f407xx.o(.text)
    DMA2_Stream3_IRQHandler                  0x080001c3   Thumb Code     0  startup_stm32f407xx.o(.text)
    DMA2_Stream4_IRQHandler                  0x080001c3   Thumb Code     0  startup_stm32f407xx.o(.text)
    DMA2_Stream5_IRQHandler                  0x080001c3   Thumb Code     0  startup_stm32f407xx.o(.text)
    DMA2_Stream6_IRQHandler                  0x080001c3   Thumb Code     0  startup_stm32f407xx.o(.text)
    DMA2_Stream7_IRQHandler                  0x080001c3   Thumb Code     0  startup_stm32f407xx.o(.text)
    ETH_IRQHandler                           0x080001c3   Thumb Code     0  startup_stm32f407xx.o(.text)
    ETH_WKUP_IRQHandler                      0x080001c3   Thumb Code     0  startup_stm32f407xx.o(.text)
    EXTI0_IRQHandler                         0x080001c3   Thumb Code     0  startup_stm32f407xx.o(.text)
    EXTI15_10_IRQHandler                     0x080001c3   Thumb Code     0  startup_stm32f407xx.o(.text)
    EXTI1_IRQHandler                         0x080001c3   Thumb Code     0  startup_stm32f407xx.o(.text)
    EXTI2_IRQHandler                         0x080001c3   Thumb Code     0  startup_stm32f407xx.o(.text)
    EXTI3_IRQHandler                         0x080001c3   Thumb Code     0  startup_stm32f407xx.o(.text)
    EXTI4_IRQHandler                         0x080001c3   Thumb Code     0  startup_stm32f407xx.o(.text)
    EXTI9_5_IRQHandler                       0x080001c3   Thumb Code     0  startup_stm32f407xx.o(.text)
    FLASH_IRQHandler                         0x080001c3   Thumb Code     0  startup_stm32f407xx.o(.text)
    FMC_IRQHandler                           0x080001c3   Thumb Code     0  startup_stm32f407xx.o(.text)
    FPU_IRQHandler                           0x080001c3   Thumb Code     0  startup_stm32f407xx.o(.text)
    HASH_RNG_IRQHandler                      0x080001c3   Thumb Code     0  startup_stm32f407xx.o(.text)
    I2C1_ER_IRQHandler                       0x080001c3   Thumb Code     0  startup_stm32f407xx.o(.text)
    I2C1_EV_IRQHandler                       0x080001c3   Thumb Code     0  startup_stm32f407xx.o(.text)
    I2C2_ER_IRQHandler                       0x080001c3   Thumb Code     0  startup_stm32f407xx.o(.text)
    I2C2_EV_IRQHandler                       0x080001c3   Thumb Code     0  startup_stm32f407xx.o(.text)
    I2C3_ER_IRQHandler                       0x080001c3   Thumb Code     0  startup_stm32f407xx.o(.text)
    I2C3_EV_IRQHandler                       0x080001c3   Thumb Code     0  startup_stm32f407xx.o(.text)
    OTG_FS_IRQHandler                        0x080001c3   Thumb Code     0  startup_stm32f407xx.o(.text)
    OTG_FS_WKUP_IRQHandler                   0x080001c3   Thumb Code     0  startup_stm32f407xx.o(.text)
    OTG_HS_EP1_IN_IRQHandler                 0x080001c3   Thumb Code     0  startup_stm32f407xx.o(.text)
    OTG_HS_EP1_OUT_IRQHandler                0x080001c3   Thumb Code     0  startup_stm32f407xx.o(.text)
    OTG_HS_IRQHandler                        0x080001c3   Thumb Code     0  startup_stm32f407xx.o(.text)
    OTG_HS_WKUP_IRQHandler                   0x080001c3   Thumb Code     0  startup_stm32f407xx.o(.text)
    PVD_IRQHandler                           0x080001c3   Thumb Code     0  startup_stm32f407xx.o(.text)
    RCC_IRQHandler                           0x080001c3   Thumb Code     0  startup_stm32f407xx.o(.text)
    RTC_Alarm_IRQHandler                     0x080001c3   Thumb Code     0  startup_stm32f407xx.o(.text)
    RTC_WKUP_IRQHandler                      0x080001c3   Thumb Code     0  startup_stm32f407xx.o(.text)
    SDIO_IRQHandler                          0x080001c3   Thumb Code     0  startup_stm32f407xx.o(.text)
    SPI1_IRQHandler                          0x080001c3   Thumb Code     0  startup_stm32f407xx.o(.text)
    SPI2_IRQHandler                          0x080001c3   Thumb Code     0  startup_stm32f407xx.o(.text)
    SPI3_IRQHandler                          0x080001c3   Thumb Code     0  startup_stm32f407xx.o(.text)
    TAMP_STAMP_IRQHandler                    0x080001c3   Thumb Code     0  startup_stm32f407xx.o(.text)
    TIM1_BRK_TIM9_IRQHandler                 0x080001c3   Thumb Code     0  startup_stm32f407xx.o(.text)
    TIM1_CC_IRQHandler                       0x080001c3   Thumb Code     0  startup_stm32f407xx.o(.text)
    TIM1_TRG_COM_TIM11_IRQHandler            0x080001c3   Thumb Code     0  startup_stm32f407xx.o(.text)
    TIM1_UP_TIM10_IRQHandler                 0x080001c3   Thumb Code     0  startup_stm32f407xx.o(.text)
    TIM2_IRQHandler                          0x080001c3   Thumb Code     0  startup_stm32f407xx.o(.text)
    TIM3_IRQHandler                          0x080001c3   Thumb Code     0  startup_stm32f407xx.o(.text)
    TIM4_IRQHandler                          0x080001c3   Thumb Code     0  startup_stm32f407xx.o(.text)
    TIM5_IRQHandler                          0x080001c3   Thumb Code     0  startup_stm32f407xx.o(.text)
    TIM6_DAC_IRQHandler                      0x080001c3   Thumb Code     0  startup_stm32f407xx.o(.text)
    TIM7_IRQHandler                          0x080001c3   Thumb Code     0  startup_stm32f407xx.o(.text)
    TIM8_BRK_TIM12_IRQHandler                0x080001c3   Thumb Code     0  startup_stm32f407xx.o(.text)
    TIM8_CC_IRQHandler                       0x080001c3   Thumb Code     0  startup_stm32f407xx.o(.text)
    TIM8_TRG_COM_TIM14_IRQHandler            0x080001c3   Thumb Code     0  startup_stm32f407xx.o(.text)
    TIM8_UP_TIM13_IRQHandler                 0x080001c3   Thumb Code     0  startup_stm32f407xx.o(.text)
    UART4_IRQHandler                         0x080001c3   Thumb Code     0  startup_stm32f407xx.o(.text)
    UART5_IRQHandler                         0x080001c3   Thumb Code     0  startup_stm32f407xx.o(.text)
    USART2_IRQHandler                        0x080001c3   Thumb Code     0  startup_stm32f407xx.o(.text)
    USART3_IRQHandler                        0x080001c3   Thumb Code     0  startup_stm32f407xx.o(.text)
    WWDG_IRQHandler                          0x080001c3   Thumb Code     0  startup_stm32f407xx.o(.text)
    __aeabi_uldivmod                         0x080001cd   Thumb Code    98  uldiv.o(.text)
    __aeabi_memset                           0x0800022f   Thumb Code    14  memseta.o(.text)
    __aeabi_memset4                          0x0800022f   Thumb Code     0  memseta.o(.text)
    __aeabi_memset8                          0x0800022f   Thumb Code     0  memseta.o(.text)
    __aeabi_memclr                           0x0800023d   Thumb Code     4  memseta.o(.text)
    __aeabi_memclr4                          0x0800023d   Thumb Code     0  memseta.o(.text)
    __aeabi_memclr8                          0x0800023d   Thumb Code     0  memseta.o(.text)
    _memset$wrapper                          0x08000241   Thumb Code    18  memseta.o(.text)
    strcmp                                   0x08000253   Thumb Code    28  strcmp.o(.text)
    __aeabi_uidiv                            0x0800026f   Thumb Code     0  uidiv.o(.text)
    __aeabi_uidivmod                         0x0800026f   Thumb Code    44  uidiv.o(.text)
    __aeabi_llsl                             0x0800029b   Thumb Code    30  llshl.o(.text)
    _ll_shift_l                              0x0800029b   Thumb Code     0  llshl.o(.text)
    __aeabi_llsr                             0x080002b9   Thumb Code    32  llushr.o(.text)
    _ll_ushift_r                             0x080002b9   Thumb Code     0  llushr.o(.text)
    __I$use$fp                               0x080002d9   Thumb Code     0  iusefp.o(.text)
    __aeabi_dadd                             0x080002d9   Thumb Code   322  dadd.o(.text)
    __aeabi_dsub                             0x0800041b   Thumb Code     6  dadd.o(.text)
    __aeabi_drsub                            0x08000421   Thumb Code     6  dadd.o(.text)
    __aeabi_dmul                             0x08000427   Thumb Code   228  dmul.o(.text)
    __aeabi_ddiv                             0x0800050b   Thumb Code   222  ddiv.o(.text)
    __aeabi_d2ulz                            0x080005e9   Thumb Code    48  dfixul.o(.text)
    __aeabi_cdrcmple                         0x08000619   Thumb Code    48  cdrcmple.o(.text)
    __scatterload                            0x08000649   Thumb Code    28  init.o(.text)
    __scatterload_rt2                        0x08000649   Thumb Code     0  init.o(.text)
    __aeabi_lasr                             0x0800066d   Thumb Code    36  llsshr.o(.text)
    _ll_sshift_r                             0x0800066d   Thumb Code     0  llsshr.o(.text)
    _double_round                            0x08000691   Thumb Code    30  depilogue.o(.text)
    _double_epilogue                         0x080006af   Thumb Code   156  depilogue.o(.text)
    BusFault_Handler                         0x0800074b   Thumb Code     2  stm32f4xx_it.o(i.BusFault_Handler)
    DMA2_Stream1_IRQHandler                  0x0800074d   Thumb Code     6  stm32f4xx_it.o(i.DMA2_Stream1_IRQHandler)
    DMA2_Stream2_IRQHandler                  0x08000759   Thumb Code     6  stm32f4xx_it.o(i.DMA2_Stream2_IRQHandler)
    DebugMon_Handler                         0x08000809   Thumb Code     2  stm32f4xx_it.o(i.DebugMon_Handler)
    Error_Handler                            0x0800080b   Thumb Code     4  main.o(i.Error_Handler)
    FLASH_Erase_Sector                       0x08000811   Thumb Code    74  stm32f4xx_hal_flash_ex.o(i.FLASH_Erase_Sector)
    FLASH_FlushCaches                        0x08000861   Thumb Code    80  stm32f4xx_hal_flash_ex.o(i.FLASH_FlushCaches)
    FLASH_WaitForLastOperation               0x080009d9   Thumb Code    72  stm32f4xx_hal_flash.o(i.FLASH_WaitForLastOperation)
    HAL_DMA_Abort                            0x08000a29   Thumb Code   146  stm32f4xx_hal_dma.o(i.HAL_DMA_Abort)
    HAL_DMA_Abort_IT                         0x08000abb   Thumb Code    36  stm32f4xx_hal_dma.o(i.HAL_DMA_Abort_IT)
    HAL_DMA_DeInit                           0x08000adf   Thumb Code    98  stm32f4xx_hal_dma.o(i.HAL_DMA_DeInit)
    HAL_DMA_IRQHandler                       0x08000b41   Thumb Code   412  stm32f4xx_hal_dma.o(i.HAL_DMA_IRQHandler)
    HAL_DMA_Init                             0x08000ce1   Thumb Code   206  stm32f4xx_hal_dma.o(i.HAL_DMA_Init)
    HAL_DMA_Start_IT                         0x08000db5   Thumb Code   110  stm32f4xx_hal_dma.o(i.HAL_DMA_Start_IT)
    HAL_Delay                                0x08000e25   Thumb Code    32  stm32f4xx_hal.o(i.HAL_Delay)
    HAL_FLASHEx_Erase                        0x08000e49   Thumb Code   144  stm32f4xx_hal_flash_ex.o(i.HAL_FLASHEx_Erase)
    HAL_FLASH_Lock                           0x08000ee1   Thumb Code    14  stm32f4xx_hal_flash.o(i.HAL_FLASH_Lock)
    HAL_FLASH_Program                        0x08000ef5   Thumb Code   116  stm32f4xx_hal_flash.o(i.HAL_FLASH_Program)
    HAL_FLASH_Unlock                         0x08000f71   Thumb Code    32  stm32f4xx_hal_flash.o(i.HAL_FLASH_Unlock)
    HAL_GPIO_DeInit                          0x08000f9d   Thumb Code   320  stm32f4xx_hal_gpio.o(i.HAL_GPIO_DeInit)
    HAL_GPIO_Init                            0x08001105   Thumb Code   450  stm32f4xx_hal_gpio.o(i.HAL_GPIO_Init)
    HAL_GPIO_WritePin                        0x080012f5   Thumb Code    10  stm32f4xx_hal_gpio.o(i.HAL_GPIO_WritePin)
    HAL_GetTick                              0x08001301   Thumb Code     6  stm32f4xx_hal.o(i.HAL_GetTick)
    HAL_IWDG_Init                            0x0800130d   Thumb Code    90  stm32f4xx_hal_iwdg.o(i.HAL_IWDG_Init)
    HAL_IncTick                              0x08001369   Thumb Code    12  stm32f4xx_hal.o(i.HAL_IncTick)
    HAL_Init                                 0x08001379   Thumb Code    48  stm32f4xx_hal.o(i.HAL_Init)
    HAL_InitTick                             0x080013ad   Thumb Code    54  stm32f4xx_hal.o(i.HAL_InitTick)
    HAL_MspInit                              0x080013ed   Thumb Code    42  stm32f4xx_hal_msp.o(i.HAL_MspInit)
    HAL_NVIC_DisableIRQ                      0x0800141d   Thumb Code    34  stm32f4xx_hal_cortex.o(i.HAL_NVIC_DisableIRQ)
    HAL_NVIC_EnableIRQ                       0x0800143f   Thumb Code    26  stm32f4xx_hal_cortex.o(i.HAL_NVIC_EnableIRQ)
    HAL_NVIC_SetPriority                     0x08001459   Thumb Code    60  stm32f4xx_hal_cortex.o(i.HAL_NVIC_SetPriority)
    HAL_NVIC_SetPriorityGrouping             0x08001499   Thumb Code    26  stm32f4xx_hal_cortex.o(i.HAL_NVIC_SetPriorityGrouping)
    HAL_NVIC_SystemReset                     0x080014bd   Thumb Code    26  stm32f4xx_hal_cortex.o(i.HAL_NVIC_SystemReset)
    HAL_RCC_ClockConfig                      0x080014e1   Thumb Code   288  stm32f4xx_hal_rcc.o(i.HAL_RCC_ClockConfig)
    HAL_RCC_GetPCLK1Freq                     0x08001615   Thumb Code    20  stm32f4xx_hal_rcc.o(i.HAL_RCC_GetPCLK1Freq)
    HAL_RCC_GetPCLK2Freq                     0x08001635   Thumb Code    20  stm32f4xx_hal_rcc.o(i.HAL_RCC_GetPCLK2Freq)
    HAL_RCC_GetSysClockFreq                  0x08001655   Thumb Code    88  stm32f4xx_hal_rcc.o(i.HAL_RCC_GetSysClockFreq)
    HAL_RCC_OscConfig                        0x080016b9   Thumb Code   856  stm32f4xx_hal_rcc.o(i.HAL_RCC_OscConfig)
    HAL_SPI_Init                             0x08001a25   Thumb Code   188  stm32f4xx_hal_spi.o(i.HAL_SPI_Init)
    HAL_SPI_MspInit                          0x08001ae1   Thumb Code   128  spi.o(i.HAL_SPI_MspInit)
    HAL_SPI_TransmitReceive                  0x08001b71   Thumb Code   482  stm32f4xx_hal_spi.o(i.HAL_SPI_TransmitReceive)
    HAL_SYSTICK_Config                       0x08001d53   Thumb Code    40  stm32f4xx_hal_cortex.o(i.HAL_SYSTICK_Config)
    HAL_UARTEx_RxEventCallback               0x08001d7b   Thumb Code     2  stm32f4xx_hal_uart.o(i.HAL_UARTEx_RxEventCallback)
    HAL_UART_DMAStop                         0x08001d7d   Thumb Code   112  stm32f4xx_hal_uart.o(i.HAL_UART_DMAStop)
    HAL_UART_ErrorCallback                   0x08001ded   Thumb Code     2  stm32f4xx_hal_uart.o(i.HAL_UART_ErrorCallback)
    HAL_UART_IRQHandler                      0x08001df1   Thumb Code   610  stm32f4xx_hal_uart.o(i.HAL_UART_IRQHandler)
    HAL_UART_Init                            0x08002059   Thumb Code    98  stm32f4xx_hal_uart.o(i.HAL_UART_Init)
    HAL_UART_MspDeInit                       0x080020bd   Thumb Code    82  usart.o(i.HAL_UART_MspDeInit)
    HAL_UART_MspInit                         0x08002125   Thumb Code   272  usart.o(i.HAL_UART_MspInit)
    HAL_UART_Receive_DMA                     0x08002251   Thumb Code    42  stm32f4xx_hal_uart.o(i.HAL_UART_Receive_DMA)
    HAL_UART_RxCpltCallback                  0x0800227b   Thumb Code     2  stm32f4xx_hal_uart.o(i.HAL_UART_RxCpltCallback)
    HAL_UART_RxHalfCpltCallback              0x0800227d   Thumb Code     2  stm32f4xx_hal_uart.o(i.HAL_UART_RxHalfCpltCallback)
    HAL_UART_RxIdleCallback                  0x08002281   Thumb Code   132  usart.o(i.HAL_UART_RxIdleCallback)
    HAL_UART_Transmit                        0x0800231d   Thumb Code   178  stm32f4xx_hal_uart.o(i.HAL_UART_Transmit)
    HAL_UART_TxCpltCallback                  0x080023cf   Thumb Code     2  stm32f4xx_hal_uart.o(i.HAL_UART_TxCpltCallback)
    HardFault_Handler                        0x080023d1   Thumb Code     2  stm32f4xx_it.o(i.HardFault_Handler)
    MX_DMA_Init                              0x080023d5   Thumb Code    56  dma.o(i.MX_DMA_Init)
    MX_GPIO_Init                             0x08002411   Thumb Code   132  gpio.o(i.MX_GPIO_Init)
    MX_IWDG_Init                             0x0800249d   Thumb Code    36  iwdg.o(i.MX_IWDG_Init)
    MX_SPI2_Init                             0x080024c9   Thumb Code    64  spi.o(i.MX_SPI2_Init)
    MX_USART1_UART_Init                      0x08002511   Thumb Code    68  usart.o(i.MX_USART1_UART_Init)
    MX_USART6_UART_Init                      0x0800255d   Thumb Code    66  usart.o(i.MX_USART6_UART_Init)
    MemManage_Handler                        0x080025ad   Thumb Code     2  stm32f4xx_it.o(i.MemManage_Handler)
    NMI_Handler                              0x080025af   Thumb Code     2  stm32f4xx_it.o(i.NMI_Handler)
    PendSV_Handler                           0x080025b1   Thumb Code     2  stm32f4xx_it.o(i.PendSV_Handler)
    SVC_Handler                              0x080026c5   Thumb Code     2  stm32f4xx_it.o(i.SVC_Handler)
    SysTick_Handler                          0x080026c7   Thumb Code     4  stm32f4xx_it.o(i.SysTick_Handler)
    SystemClock_Config                       0x080026cd   Thumb Code   148  main.o(i.SystemClock_Config)
    SystemInit                               0x08002769   Thumb Code    12  system_stm32f4xx.o(i.SystemInit)
    UART_Start_Receive_DMA                   0x08002aa5   Thumb Code   134  stm32f4xx_hal_uart.o(i.UART_Start_Receive_DMA)
    USART1_IRQHandler                        0x08002bb1   Thumb Code    18  stm32f4xx_it.o(i.USART1_IRQHandler)
    USART6_IRQHandler                        0x08002bc9   Thumb Code    18  stm32f4xx_it.o(i.USART6_IRQHandler)
    UsageFault_Handler                       0x08002be1   Thumb Code     2  stm32f4xx_it.o(i.UsageFault_Handler)
    __0printf                                0x08002be5   Thumb Code    22  printfa.o(i.__0printf)
    __1printf                                0x08002be5   Thumb Code     0  printfa.o(i.__0printf)
    __2printf                                0x08002be5   Thumb Code     0  printfa.o(i.__0printf)
    __c89printf                              0x08002be5   Thumb Code     0  printfa.o(i.__0printf)
    printf                                   0x08002be5   Thumb Code     0  printfa.o(i.__0printf)
    __0vprintf                               0x08002c05   Thumb Code     8  printfa.o(i.__0vprintf)
    __1vprintf                               0x08002c05   Thumb Code     0  printfa.o(i.__0vprintf)
    __2vprintf                               0x08002c05   Thumb Code     0  printfa.o(i.__0vprintf)
    __c89vprintf                             0x08002c05   Thumb Code     0  printfa.o(i.__0vprintf)
    vprintf                                  0x08002c05   Thumb Code     0  printfa.o(i.__0vprintf)
    __scatterload_copy                       0x08002c35   Thumb Code    14  handlers.o(i.__scatterload_copy)
    __scatterload_null                       0x08002c43   Thumb Code     2  handlers.o(i.__scatterload_null)
    __scatterload_zeroinit                   0x08002c45   Thumb Code    14  handlers.o(i.__scatterload_zeroinit)
    bootloader_checkupdate                   0x080034e1   Thumb Code     6  bootloader.o(i.bootloader_checkupdate)
    bootloader_executeapp                    0x080034ed   Thumb Code    30  bootloader.o(i.bootloader_executeapp)
    bootloader_init                          0x08003515   Thumb Code   100  bootloader.o(i.bootloader_init)
    bootloader_set_updateflag                0x0800359d   Thumb Code    42  bootloader.o(i.bootloader_set_updateflag)
    bootloader_updateapp                     0x080035d1   Thumb Code   268  bootloader.o(i.bootloader_updateapp)
    cal_crc16                                0x08003755   Thumb Code    48  ota_protocol.o(i.cal_crc16)
    check_wakeup_singal                      0x080037f5   Thumb Code    66  uart_interact.o(i.check_wakeup_singal)
    flash_datum_exchange                     0x0800384d   Thumb Code   270  bootloader.o(i.flash_datum_exchange)
    flash_erase                              0x08003985   Thumb Code   204  flash.o(i.flash_erase)
    flash_read_generic                       0x08003a91   Thumb Code    18  flash.o(i.flash_read_generic)
    flash_write_generic                      0x08003aa5   Thumb Code    54  flash.o(i.flash_write_generic)
    fputc                                    0x08003aed   Thumb Code    12  usart.o(i.fputc)
    log_msg_level                            0x08003afd   Thumb Code    66  log.o(i.log_msg_level)
    main                                     0x08003b61   Thumb Code   142  main.o(i.main)
    ota_protocol_process                     0x08003c91   Thumb Code   294  ota_protocol.o(i.ota_protocol_process)
    w25qxx_buffer_read                       0x08003f3d   Thumb Code    88  w25qxx.o(i.w25qxx_buffer_read)
    w25qxx_buffer_write                      0x08003f99   Thumb Code    94  w25qxx.o(i.w25qxx_buffer_write)
    w25qxx_erase_block                       0x08003ff9   Thumb Code   150  w25qxx.o(i.w25qxx_erase_block)
    w25qxx_page_write                        0x08004099   Thumb Code   108  w25qxx.o(i.w25qxx_page_write)
    w25qxx_read_SR                           0x08004109   Thumb Code    40  w25qxx.o(i.w25qxx_read_SR)
    w25qxx_recvbyte                          0x08004135   Thumb Code     6  w25qxx.o(i.w25qxx_recvbyte)
    w25qxx_sendbyte                          0x0800413d   Thumb Code    30  w25qxx.o(i.w25qxx_sendbyte)
    w25qxx_wait_busy                         0x08004161   Thumb Code    14  w25qxx.o(i.w25qxx_wait_busy)
    w25qxx_write_disable                     0x08004171   Thumb Code    54  w25qxx.o(i.w25qxx_write_disable)
    w25qxx_write_enable                      0x080041b1   Thumb Code    54  w25qxx.o(i.w25qxx_write_enable)
    AHBPrescTable                            0x08004218   Data          16  system_stm32f4xx.o(.constdata)
    APBPrescTable                            0x08004228   Data           8  system_stm32f4xx.o(.constdata)
    Region$$Table$$Base                      0x08004294   Number         0  anon$$obj.o(Region$$Table)
    Region$$Table$$Limit                     0x080042b4   Number         0  anon$$obj.o(Region$$Table)
    uart1_rx_flag                            0x20000004   Data           1  usart.o(.data)
    uart6_rx_len                             0x20000008   Data           4  usart.o(.data)
    ota_protocol_recv_flag                   0x20000018   Data           1  ota_protocol.o(.data)
    uwTickFreq                               0x2000002c   Data           1  stm32f4xx_hal.o(.data)
    uwTickPrio                               0x20000030   Data           4  stm32f4xx_hal.o(.data)
    uwTick                                   0x20000034   Data           4  stm32f4xx_hal.o(.data)
    SystemCoreClock                          0x20000038   Data           4  system_stm32f4xx.o(.data)
    __stdout                                 0x2000003c   Data           4  stdout.o(.data)
    hiwdg                                    0x20000040   Data          12  iwdg.o(.bss)
    hspi2                                    0x2000004c   Data          88  spi.o(.bss)
    uart1_recv_buf                           0x200000a4   Data         128  usart.o(.bss)
    huart1                                   0x20000124   Data          68  usart.o(.bss)
    huart6                                   0x20000168   Data          68  usart.o(.bss)
    hdma_usart1_rx                           0x200001ac   Data          96  usart.o(.bss)
    hdma_usart6_rx                           0x2000020c   Data          96  usart.o(.bss)
    frame_info                               0x2000026c   Data         134  ota_protocol.o(.bss)
    ota_protocol_buffer                      0x200002f2   Data         134  ota_protocol.o(.bss)
    pFlash                                   0x20000378   Data          32  stm32f4xx_hal_flash.o(.bss)
    __initial_sp                             0x20001398   Data           0  startup_stm32f407xx.o(STACK)



==============================================================================

Memory Map of the image

  Image Entry point : 0x08000189

  Load Region LR_IROM1 (Base: 0x08000000, Size: 0x000042f4, Max: 0x00008000, ABSOLUTE)

    Execution Region ER_IROM1 (Exec base: 0x08000000, Load base: 0x08000000, Size: 0x000042b4, Max: 0x00008000, ABSOLUTE)

    Exec Addr    Load Addr    Size         Type   Attr      Idx    E Section Name        Object

    0x08000000   0x08000000   0x00000188   Data   RO            3    RESET               startup_stm32f407xx.o
    0x08000188   0x08000188   0x00000000   Code   RO         2766  * .ARM.Collect$$$$00000000  mc_w.l(entry.o)
    0x08000188   0x08000188   0x00000004   Code   RO         3040    .ARM.Collect$$$$00000001  mc_w.l(entry2.o)
    0x0800018c   0x0800018c   0x00000004   Code   RO         3043    .ARM.Collect$$$$00000004  mc_w.l(entry5.o)
    0x08000190   0x08000190   0x00000000   Code   RO         3045    .ARM.Collect$$$$00000008  mc_w.l(entry7b.o)
    0x08000190   0x08000190   0x00000000   Code   RO         3047    .ARM.Collect$$$$0000000A  mc_w.l(entry8b.o)
    0x08000190   0x08000190   0x00000008   Code   RO         3048    .ARM.Collect$$$$0000000B  mc_w.l(entry9a.o)
    0x08000198   0x08000198   0x00000004   Code   RO         3055    .ARM.Collect$$$$0000000E  mc_w.l(entry12b.o)
    0x0800019c   0x0800019c   0x00000000   Code   RO         3050    .ARM.Collect$$$$0000000F  mc_w.l(entry10a.o)
    0x0800019c   0x0800019c   0x00000000   Code   RO         3052    .ARM.Collect$$$$00000011  mc_w.l(entry11a.o)
    0x0800019c   0x0800019c   0x00000004   Code   RO         3041    .ARM.Collect$$$$00002712  mc_w.l(entry2.o)
    0x080001a0   0x080001a0   0x00000006   Code   RO          496    .emb_text           bootloader.o
    0x080001a6   0x080001a6   0x00000002   PAD
    0x080001a8   0x080001a8   0x00000024   Code   RO            4    .text               startup_stm32f407xx.o
    0x080001cc   0x080001cc   0x00000062   Code   RO         2769    .text               mc_w.l(uldiv.o)
    0x0800022e   0x0800022e   0x00000024   Code   RO         2773    .text               mc_w.l(memseta.o)
    0x08000252   0x08000252   0x0000001c   Code   RO         2775    .text               mc_w.l(strcmp.o)
    0x0800026e   0x0800026e   0x0000002c   Code   RO         3057    .text               mc_w.l(uidiv.o)
    0x0800029a   0x0800029a   0x0000001e   Code   RO         3059    .text               mc_w.l(llshl.o)
    0x080002b8   0x080002b8   0x00000020   Code   RO         3061    .text               mc_w.l(llushr.o)
    0x080002d8   0x080002d8   0x00000000   Code   RO         3063    .text               mc_w.l(iusefp.o)
    0x080002d8   0x080002d8   0x0000014e   Code   RO         3064    .text               mf_w.l(dadd.o)
    0x08000426   0x08000426   0x000000e4   Code   RO         3066    .text               mf_w.l(dmul.o)
    0x0800050a   0x0800050a   0x000000de   Code   RO         3068    .text               mf_w.l(ddiv.o)
    0x080005e8   0x080005e8   0x00000030   Code   RO         3070    .text               mf_w.l(dfixul.o)
    0x08000618   0x08000618   0x00000030   Code   RO         3072    .text               mf_w.l(cdrcmple.o)
    0x08000648   0x08000648   0x00000024   Code   RO         3074    .text               mc_w.l(init.o)
    0x0800066c   0x0800066c   0x00000024   Code   RO         3076    .text               mc_w.l(llsshr.o)
    0x08000690   0x08000690   0x000000ba   Code   RO         3078    .text               mf_w.l(depilogue.o)
    0x0800074a   0x0800074a   0x00000002   Code   RO          372    i.BusFault_Handler  stm32f4xx_it.o
    0x0800074c   0x0800074c   0x0000000c   Code   RO          373    i.DMA2_Stream1_IRQHandler  stm32f4xx_it.o
    0x08000758   0x08000758   0x0000000c   Code   RO          374    i.DMA2_Stream2_IRQHandler  stm32f4xx_it.o
    0x08000764   0x08000764   0x00000028   Code   RO         1343    i.DMA_CalcBaseAndBitshift  stm32f4xx_hal_dma.o
    0x0800078c   0x0800078c   0x00000054   Code   RO         1344    i.DMA_CheckFifoParam  stm32f4xx_hal_dma.o
    0x080007e0   0x080007e0   0x00000028   Code   RO         1345    i.DMA_SetConfig     stm32f4xx_hal_dma.o
    0x08000808   0x08000808   0x00000002   Code   RO          375    i.DebugMon_Handler  stm32f4xx_it.o
    0x0800080a   0x0800080a   0x00000004   Code   RO           13    i.Error_Handler     main.o
    0x0800080e   0x0800080e   0x00000002   PAD
    0x08000810   0x08000810   0x00000050   Code   RO         1158    i.FLASH_Erase_Sector  stm32f4xx_hal_flash_ex.o
    0x08000860   0x08000860   0x00000054   Code   RO         1159    i.FLASH_FlushCaches  stm32f4xx_hal_flash_ex.o
    0x080008b4   0x080008b4   0x00000028   Code   RO         1160    i.FLASH_MassErase   stm32f4xx_hal_flash_ex.o
    0x080008dc   0x080008dc   0x00000020   Code   RO         1040    i.FLASH_Program_Byte  stm32f4xx_hal_flash.o
    0x080008fc   0x080008fc   0x0000002c   Code   RO         1041    i.FLASH_Program_DoubleWord  stm32f4xx_hal_flash.o
    0x08000928   0x08000928   0x00000024   Code   RO         1042    i.FLASH_Program_HalfWord  stm32f4xx_hal_flash.o
    0x0800094c   0x0800094c   0x00000024   Code   RO         1043    i.FLASH_Program_Word  stm32f4xx_hal_flash.o
    0x08000970   0x08000970   0x00000068   Code   RO         1044    i.FLASH_SetErrorCode  stm32f4xx_hal_flash.o
    0x080009d8   0x080009d8   0x00000050   Code   RO         1045    i.FLASH_WaitForLastOperation  stm32f4xx_hal_flash.o
    0x08000a28   0x08000a28   0x00000092   Code   RO         1346    i.HAL_DMA_Abort     stm32f4xx_hal_dma.o
    0x08000aba   0x08000aba   0x00000024   Code   RO         1347    i.HAL_DMA_Abort_IT  stm32f4xx_hal_dma.o
    0x08000ade   0x08000ade   0x00000062   Code   RO         1348    i.HAL_DMA_DeInit    stm32f4xx_hal_dma.o
    0x08000b40   0x08000b40   0x000001a0   Code   RO         1351    i.HAL_DMA_IRQHandler  stm32f4xx_hal_dma.o
    0x08000ce0   0x08000ce0   0x000000d4   Code   RO         1352    i.HAL_DMA_Init      stm32f4xx_hal_dma.o
    0x08000db4   0x08000db4   0x0000006e   Code   RO         1356    i.HAL_DMA_Start_IT  stm32f4xx_hal_dma.o
    0x08000e22   0x08000e22   0x00000002   PAD
    0x08000e24   0x08000e24   0x00000024   Code   RO         1765    i.HAL_Delay         stm32f4xx_hal.o
    0x08000e48   0x08000e48   0x00000098   Code   RO         1161    i.HAL_FLASHEx_Erase  stm32f4xx_hal_flash_ex.o
    0x08000ee0   0x08000ee0   0x00000014   Code   RO         1049    i.HAL_FLASH_Lock    stm32f4xx_hal_flash.o
    0x08000ef4   0x08000ef4   0x0000007c   Code   RO         1054    i.HAL_FLASH_Program  stm32f4xx_hal_flash.o
    0x08000f70   0x08000f70   0x0000002c   Code   RO         1056    i.HAL_FLASH_Unlock  stm32f4xx_hal_flash.o
    0x08000f9c   0x08000f9c   0x00000168   Code   RO         1236    i.HAL_GPIO_DeInit   stm32f4xx_hal_gpio.o
    0x08001104   0x08001104   0x000001f0   Code   RO         1239    i.HAL_GPIO_Init     stm32f4xx_hal_gpio.o
    0x080012f4   0x080012f4   0x0000000a   Code   RO         1243    i.HAL_GPIO_WritePin  stm32f4xx_hal_gpio.o
    0x080012fe   0x080012fe   0x00000002   PAD
    0x08001300   0x08001300   0x0000000c   Code   RO         1771    i.HAL_GetTick       stm32f4xx_hal.o
    0x0800130c   0x0800130c   0x0000005a   Code   RO          854    i.HAL_IWDG_Init     stm32f4xx_hal_iwdg.o
    0x08001366   0x08001366   0x00000002   PAD
    0x08001368   0x08001368   0x00000010   Code   RO         1777    i.HAL_IncTick       stm32f4xx_hal.o
    0x08001378   0x08001378   0x00000034   Code   RO         1778    i.HAL_Init          stm32f4xx_hal.o
    0x080013ac   0x080013ac   0x00000040   Code   RO         1779    i.HAL_InitTick      stm32f4xx_hal.o
    0x080013ec   0x080013ec   0x00000030   Code   RO          472    i.HAL_MspInit       stm32f4xx_hal_msp.o
    0x0800141c   0x0800141c   0x00000022   Code   RO         1627    i.HAL_NVIC_DisableIRQ  stm32f4xx_hal_cortex.o
    0x0800143e   0x0800143e   0x0000001a   Code   RO         1628    i.HAL_NVIC_EnableIRQ  stm32f4xx_hal_cortex.o
    0x08001458   0x08001458   0x00000040   Code   RO         1634    i.HAL_NVIC_SetPriority  stm32f4xx_hal_cortex.o
    0x08001498   0x08001498   0x00000024   Code   RO         1635    i.HAL_NVIC_SetPriorityGrouping  stm32f4xx_hal_cortex.o
    0x080014bc   0x080014bc   0x00000024   Code   RO         1636    i.HAL_NVIC_SystemReset  stm32f4xx_hal_cortex.o
    0x080014e0   0x080014e0   0x00000134   Code   RO          885    i.HAL_RCC_ClockConfig  stm32f4xx_hal_rcc.o
    0x08001614   0x08001614   0x00000020   Code   RO          892    i.HAL_RCC_GetPCLK1Freq  stm32f4xx_hal_rcc.o
    0x08001634   0x08001634   0x00000020   Code   RO          893    i.HAL_RCC_GetPCLK2Freq  stm32f4xx_hal_rcc.o
    0x08001654   0x08001654   0x00000064   Code   RO          894    i.HAL_RCC_GetSysClockFreq  stm32f4xx_hal_rcc.o
    0x080016b8   0x080016b8   0x0000036c   Code   RO          897    i.HAL_RCC_OscConfig  stm32f4xx_hal_rcc.o
    0x08001a24   0x08001a24   0x000000bc   Code   RO         2027    i.HAL_SPI_Init      stm32f4xx_hal_spi.o
    0x08001ae0   0x08001ae0   0x00000090   Code   RO          265    i.HAL_SPI_MspInit   spi.o
    0x08001b70   0x08001b70   0x000001e2   Code   RO         2036    i.HAL_SPI_TransmitReceive  stm32f4xx_hal_spi.o
    0x08001d52   0x08001d52   0x00000028   Code   RO         1639    i.HAL_SYSTICK_Config  stm32f4xx_hal_cortex.o
    0x08001d7a   0x08001d7a   0x00000002   Code   RO         2385    i.HAL_UARTEx_RxEventCallback  stm32f4xx_hal_uart.o
    0x08001d7c   0x08001d7c   0x00000070   Code   RO         2397    i.HAL_UART_DMAStop  stm32f4xx_hal_uart.o
    0x08001dec   0x08001dec   0x00000002   Code   RO         2399    i.HAL_UART_ErrorCallback  stm32f4xx_hal_uart.o
    0x08001dee   0x08001dee   0x00000002   PAD
    0x08001df0   0x08001df0   0x00000268   Code   RO         2402    i.HAL_UART_IRQHandler  stm32f4xx_hal_uart.o
    0x08002058   0x08002058   0x00000062   Code   RO         2403    i.HAL_UART_Init     stm32f4xx_hal_uart.o
    0x080020ba   0x080020ba   0x00000002   PAD
    0x080020bc   0x080020bc   0x00000068   Code   RO          306    i.HAL_UART_MspDeInit  usart.o
    0x08002124   0x08002124   0x0000012c   Code   RO          307    i.HAL_UART_MspInit  usart.o
    0x08002250   0x08002250   0x0000002a   Code   RO         2407    i.HAL_UART_Receive_DMA  stm32f4xx_hal_uart.o
    0x0800227a   0x0800227a   0x00000002   Code   RO         2409    i.HAL_UART_RxCpltCallback  stm32f4xx_hal_uart.o
    0x0800227c   0x0800227c   0x00000002   Code   RO         2410    i.HAL_UART_RxHalfCpltCallback  stm32f4xx_hal_uart.o
    0x0800227e   0x0800227e   0x00000002   PAD
    0x08002280   0x08002280   0x0000009c   Code   RO          308    i.HAL_UART_RxIdleCallback  usart.o
    0x0800231c   0x0800231c   0x000000b2   Code   RO         2411    i.HAL_UART_Transmit  stm32f4xx_hal_uart.o
    0x080023ce   0x080023ce   0x00000002   Code   RO         2414    i.HAL_UART_TxCpltCallback  stm32f4xx_hal_uart.o
    0x080023d0   0x080023d0   0x00000002   Code   RO          376    i.HardFault_Handler  stm32f4xx_it.o
    0x080023d2   0x080023d2   0x00000002   PAD
    0x080023d4   0x080023d4   0x0000003c   Code   RO          210    i.MX_DMA_Init       dma.o
    0x08002410   0x08002410   0x0000008c   Code   RO          186    i.MX_GPIO_Init      gpio.o
    0x0800249c   0x0800249c   0x0000002c   Code   RO          234    i.MX_IWDG_Init      iwdg.o
    0x080024c8   0x080024c8   0x00000048   Code   RO          266    i.MX_SPI2_Init      spi.o
    0x08002510   0x08002510   0x0000004c   Code   RO          309    i.MX_USART1_UART_Init  usart.o
    0x0800255c   0x0800255c   0x00000050   Code   RO          310    i.MX_USART6_UART_Init  usart.o
    0x080025ac   0x080025ac   0x00000002   Code   RO          377    i.MemManage_Handler  stm32f4xx_it.o
    0x080025ae   0x080025ae   0x00000002   Code   RO          378    i.NMI_Handler       stm32f4xx_it.o
    0x080025b0   0x080025b0   0x00000002   Code   RO          379    i.PendSV_Handler    stm32f4xx_it.o
    0x080025b2   0x080025b2   0x00000002   PAD
    0x080025b4   0x080025b4   0x00000058   Code   RO         2065    i.SPI_EndRxTxTransaction  stm32f4xx_hal_spi.o
    0x0800260c   0x0800260c   0x000000b8   Code   RO         2070    i.SPI_WaitFlagStateUntilTimeout  stm32f4xx_hal_spi.o
    0x080026c4   0x080026c4   0x00000002   Code   RO          380    i.SVC_Handler       stm32f4xx_it.o
    0x080026c6   0x080026c6   0x00000004   Code   RO          381    i.SysTick_Handler   stm32f4xx_it.o
    0x080026ca   0x080026ca   0x00000002   PAD
    0x080026cc   0x080026cc   0x0000009c   Code   RO           14    i.SystemClock_Config  main.o
    0x08002768   0x08002768   0x00000010   Code   RO         2732    i.SystemInit        system_stm32f4xx.o
    0x08002778   0x08002778   0x00000010   Code   RO         2416    i.UART_DMAAbortOnError  stm32f4xx_hal_uart.o
    0x08002788   0x08002788   0x0000004a   Code   RO         2417    i.UART_DMAError     stm32f4xx_hal_uart.o
    0x080027d2   0x080027d2   0x00000082   Code   RO         2418    i.UART_DMAReceiveCplt  stm32f4xx_hal_uart.o
    0x08002854   0x08002854   0x0000001a   Code   RO         2420    i.UART_DMARxHalfCplt  stm32f4xx_hal_uart.o
    0x0800286e   0x0800286e   0x0000004e   Code   RO         2426    i.UART_EndRxTransfer  stm32f4xx_hal_uart.o
    0x080028bc   0x080028bc   0x0000001c   Code   RO         2427    i.UART_EndTxTransfer  stm32f4xx_hal_uart.o
    0x080028d8   0x080028d8   0x000000c0   Code   RO         2428    i.UART_Receive_IT   stm32f4xx_hal_uart.o
    0x08002998   0x08002998   0x0000010c   Code   RO         2429    i.UART_SetConfig    stm32f4xx_hal_uart.o
    0x08002aa4   0x08002aa4   0x00000094   Code   RO         2430    i.UART_Start_Receive_DMA  stm32f4xx_hal_uart.o
    0x08002b38   0x08002b38   0x00000078   Code   RO         2432    i.UART_WaitOnFlagUntilTimeout  stm32f4xx_hal_uart.o
    0x08002bb0   0x08002bb0   0x00000018   Code   RO          382    i.USART1_IRQHandler  stm32f4xx_it.o
    0x08002bc8   0x08002bc8   0x00000018   Code   RO          383    i.USART6_IRQHandler  stm32f4xx_it.o
    0x08002be0   0x08002be0   0x00000002   Code   RO          384    i.UsageFault_Handler  stm32f4xx_it.o
    0x08002be2   0x08002be2   0x00000002   PAD
    0x08002be4   0x08002be4   0x00000020   Code   RO         3012    i.__0printf         mc_w.l(printfa.o)
    0x08002c04   0x08002c04   0x00000010   Code   RO         3016    i.__0vprintf        mc_w.l(printfa.o)
    0x08002c14   0x08002c14   0x00000020   Code   RO         1641    i.__NVIC_SetPriority  stm32f4xx_hal_cortex.o
    0x08002c34   0x08002c34   0x0000000e   Code   RO         3082    i.__scatterload_copy  mc_w.l(handlers.o)
    0x08002c42   0x08002c42   0x00000002   Code   RO         3083    i.__scatterload_null  mc_w.l(handlers.o)
    0x08002c44   0x08002c44   0x0000000e   Code   RO         3084    i.__scatterload_zeroinit  mc_w.l(handlers.o)
    0x08002c52   0x08002c52   0x00000002   PAD
    0x08002c54   0x08002c54   0x00000184   Code   RO         3019    i._fp_digits        mc_w.l(printfa.o)
    0x08002dd8   0x08002dd8   0x000006b4   Code   RO         3020    i._printf_core      mc_w.l(printfa.o)
    0x0800348c   0x0800348c   0x00000024   Code   RO         3021    i._printf_post_padding  mc_w.l(printfa.o)
    0x080034b0   0x080034b0   0x0000002e   Code   RO         3022    i._printf_pre_padding  mc_w.l(printfa.o)
    0x080034de   0x080034de   0x00000002   PAD
    0x080034e0   0x080034e0   0x0000000c   Code   RO          497    i.bootloader_checkupdate  bootloader.o
    0x080034ec   0x080034ec   0x00000028   Code   RO          498    i.bootloader_executeapp  bootloader.o
    0x08003514   0x08003514   0x00000088   Code   RO          499    i.bootloader_init   bootloader.o
    0x0800359c   0x0800359c   0x00000034   Code   RO          501    i.bootloader_set_updateflag  bootloader.o
    0x080035d0   0x080035d0   0x00000184   Code   RO          502    i.bootloader_updateapp  bootloader.o
    0x08003754   0x08003754   0x00000030   Code   RO          695    i.cal_crc16         ota_protocol.o
    0x08003784   0x08003784   0x00000070   Code   RO          653    i.check_update      uart_interact.o
    0x080037f4   0x080037f4   0x00000058   Code   RO          654    i.check_wakeup_singal  uart_interact.o
    0x0800384c   0x0800384c   0x00000138   Code   RO          503    i.flash_datum_exchange  bootloader.o
    0x08003984   0x08003984   0x0000010c   Code   RO          578    i.flash_erase       flash.o
    0x08003a90   0x08003a90   0x00000012   Code   RO          581    i.flash_read_generic  flash.o
    0x08003aa2   0x08003aa2   0x00000002   PAD
    0x08003aa4   0x08003aa4   0x00000048   Code   RO          584    i.flash_write_generic  flash.o
    0x08003aec   0x08003aec   0x00000010   Code   RO          311    i.fputc             usart.o
    0x08003afc   0x08003afc   0x00000064   Code   RO          731    i.log_msg_level     log.o
    0x08003b60   0x08003b60   0x00000130   Code   RO           15    i.main              main.o
    0x08003c90   0x08003c90   0x000001b0   Code   RO          696    i.ota_protocol_process  ota_protocol.o
    0x08003e40   0x08003e40   0x000000fc   Code   RO          655    i.uart_interact_main  uart_interact.o
    0x08003f3c   0x08003f3c   0x0000005c   Code   RO          755    i.w25qxx_buffer_read  w25qxx.o
    0x08003f98   0x08003f98   0x0000005e   Code   RO          756    i.w25qxx_buffer_write  w25qxx.o
    0x08003ff6   0x08003ff6   0x00000002   PAD
    0x08003ff8   0x08003ff8   0x000000a0   Code   RO          757    i.w25qxx_erase_block  w25qxx.o
    0x08004098   0x08004098   0x00000070   Code   RO          760    i.w25qxx_page_write  w25qxx.o
    0x08004108   0x08004108   0x0000002c   Code   RO          761    i.w25qxx_read_SR    w25qxx.o
    0x08004134   0x08004134   0x00000006   Code   RO          763    i.w25qxx_recvbyte   w25qxx.o
    0x0800413a   0x0800413a   0x00000002   PAD
    0x0800413c   0x0800413c   0x00000024   Code   RO          764    i.w25qxx_sendbyte   w25qxx.o
    0x08004160   0x08004160   0x0000000e   Code   RO          766    i.w25qxx_wait_busy  w25qxx.o
    0x0800416e   0x0800416e   0x00000002   PAD
    0x08004170   0x08004170   0x00000040   Code   RO          767    i.w25qxx_write_disable  w25qxx.o
    0x080041b0   0x080041b0   0x00000040   Code   RO          768    i.w25qxx_write_enable  w25qxx.o
    0x080041f0   0x080041f0   0x00000020   Data   RO          732    .constdata          log.o
    0x08004210   0x08004210   0x00000008   Data   RO         1358    .constdata          stm32f4xx_hal_dma.o
    0x08004218   0x08004218   0x00000010   Data   RO         2733    .constdata          system_stm32f4xx.o
    0x08004228   0x08004228   0x00000008   Data   RO         2734    .constdata          system_stm32f4xx.o
    0x08004230   0x08004230   0x00000005   Data   RO           16    .conststring        main.o
    0x08004235   0x08004235   0x00000003   PAD
    0x08004238   0x08004238   0x0000000b   Data   RO          504    .conststring        bootloader.o
    0x08004243   0x08004243   0x00000001   PAD
    0x08004244   0x08004244   0x0000000d   Data   RO          698    .conststring        ota_protocol.o
    0x08004251   0x08004251   0x00000003   PAD
    0x08004254   0x08004254   0x0000003e   Data   RO          733    .conststring        log.o
    0x08004292   0x08004292   0x00000002   PAD
    0x08004294   0x08004294   0x00000020   Data   RO         3080    Region$$Table       anon$$obj.o


    Execution Region RW_IRAM1 (Exec base: 0x20000000, Load base: 0x080042b4, Size: 0x00001398, Max: 0x0001c000, ABSOLUTE)

    Exec Addr    Load Addr    Size         Type   Attr      Idx    E Section Name        Object

    0x20000000   0x080042b4   0x00000004   Data   RW           17    .data               main.o
    0x20000004   0x080042b8   0x00000008   Data   RW          313    .data               usart.o
    0x2000000c   0x080042c0   0x0000000b   Data   RW          505    .data               bootloader.o
    0x20000017   0x080042cb   0x00000001   PAD
    0x20000018   0x080042cc   0x00000014   Data   RW          699    .data               ota_protocol.o
    0x2000002c   0x080042e0   0x0000000c   Data   RW         1785    .data               stm32f4xx_hal.o
    0x20000038   0x080042ec   0x00000004   Data   RW         2735    .data               system_stm32f4xx.o
    0x2000003c   0x080042f0   0x00000004   Data   RW         3056    .data               mc_w.l(stdout.o)
    0x20000040        -       0x0000000c   Zero   RW          235    .bss                iwdg.o
    0x2000004c        -       0x00000058   Zero   RW          267    .bss                spi.o
    0x200000a4        -       0x000001c8   Zero   RW          312    .bss                usart.o
    0x2000026c        -       0x0000010c   Zero   RW          697    .bss                ota_protocol.o
    0x20000378        -       0x00000020   Zero   RW         1057    .bss                stm32f4xx_hal_flash.o
    0x20000398        -       0x00001000   Zero   RW            1    STACK               startup_stm32f407xx.o


    Execution Region RW_IRAM2 (Exec base: 0x2001c000, Load base: 0x080042f4, Size: 0x00000000, Max: 0x00004000, ABSOLUTE)

    **** No section assigned to this execution region ****


==============================================================================

Image component sizes


      Code (inc. data)   RO Data    RW Data    ZI Data      Debug   Object Name

       946        224         11         11          0       6597   bootloader.o
        60          4          0          0          0        806   dma.o
       358         82          0          0          0       2914   flash.o
       140          8          0          0          0       1015   gpio.o
        44          8          0          0         12        747   iwdg.o
       100         34         94          0          0       1348   log.o
       464        170          5          4          0     677544   main.o
       480        138         13         20        268       3196   ota_protocol.o
       216         24          0          0         88       1793   spi.o
        36          8        392          0       4096        848   startup_stm32f407xx.o
       180         28          0         12          0       9505   stm32f4xx_hal.o
       268         24          0          0          0      35368   stm32f4xx_hal_cortex.o
      1182         16          8          0          0       8199   stm32f4xx_hal_dma.o
       520         66          0          0         32       6726   stm32f4xx_hal_flash.o
       356         24          0          0          0       4058   stm32f4xx_hal_flash_ex.o
       866         86          0          0          0       3186   stm32f4xx_hal_gpio.o
        90          0          0          0          0       1320   stm32f4xx_hal_iwdg.o
        48          6          0          0          0        878   stm32f4xx_hal_msp.o
      1348         76          0          0          0       5312   stm32f4xx_hal_rcc.o
       942         12          0          0          0       4973   stm32f4xx_hal_spi.o
      2136         30          0          0          0      16269   stm32f4xx_hal_uart.o
        92         24          0          0          0       6310   stm32f4xx_it.o
        16          4         24          4          0       1163   system_stm32f4xx.o
       452        256          0          0          0       2465   uart_interact.o
       732        100          0          8        456       4942   usart.o
       686         48          0          0          0       7227   w25qxx.o

    ----------------------------------------------------------------------
     12790       1500        588         60       4952     814709   Object Totals
         0          0         32          0          0          0   (incl. Generated)
        32          0          9          1          0          0   (incl. Padding)

    ----------------------------------------------------------------------

      Code (inc. data)   RO Data    RW Data    ZI Data      Debug   Library Member Name

         0          0          0          0          0          0   entry.o
         0          0          0          0          0          0   entry10a.o
         0          0          0          0          0          0   entry11a.o
         4          0          0          0          0          0   entry12b.o
         8          4          0          0          0          0   entry2.o
         4          0          0          0          0          0   entry5.o
         0          0          0          0          0          0   entry7b.o
         0          0          0          0          0          0   entry8b.o
         8          4          0          0          0          0   entry9a.o
        30          0          0          0          0          0   handlers.o
        36          8          0          0          0         68   init.o
         0          0          0          0          0          0   iusefp.o
        30          0          0          0          0         68   llshl.o
        36          0          0          0          0         68   llsshr.o
        32          0          0          0          0         68   llushr.o
        36          0          0          0          0        108   memseta.o
      2234         98          0          0          0        532   printfa.o
         0          0          0          4          0          0   stdout.o
        28          0          0          0          0         76   strcmp.o
        44          0          0          0          0         80   uidiv.o
        98          0          0          0          0         92   uldiv.o
        48          0          0          0          0         68   cdrcmple.o
       334          0          0          0          0        148   dadd.o
       222          0          0          0          0        100   ddiv.o
       186          0          0          0          0        176   depilogue.o
        48          0          0          0          0         68   dfixul.o
       228          0          0          0          0         96   dmul.o

    ----------------------------------------------------------------------
      3698        114          0          4          0       1816   Library Totals
         4          0          0          0          0          0   (incl. Padding)

    ----------------------------------------------------------------------

      Code (inc. data)   RO Data    RW Data    ZI Data      Debug   Library Name

      2628        114          0          4          0       1160   mc_w.l
      1066          0          0          0          0        656   mf_w.l

    ----------------------------------------------------------------------
      3698        114          0          4          0       1816   Library Totals

    ----------------------------------------------------------------------

==============================================================================


      Code (inc. data)   RO Data    RW Data    ZI Data      Debug   

     16488       1614        588         64       4952     804393   Grand Totals
     16488       1614        588         64       4952     804393   ELF Image Totals
     16488       1614        588         64          0          0   ROM Totals

==============================================================================

    Total RO  Size (Code + RO Data)                17076 (  16.68kB)
    Total RW  Size (RW Data + ZI Data)              5016 (   4.90kB)
    Total ROM Size (Code + RO Data + RW Data)      17140 (  16.74kB)

==============================================================================

